Component: ARM Compiler 5.06 update 7 (build 960) Tool: armlink [4d3601]

==============================================================================

Section Cross References

    cm_backtrace.o(i.cm_backtrace_assert) refers to cmb_app.o(i.print_UART1) for print_UART1
    cm_backtrace.o(i.cm_backtrace_assert) refers to cm_backtrace.o(i.cm_backtrace_firmware_info) for cm_backtrace_firmware_info
    cm_backtrace.o(i.cm_backtrace_assert) refers to cm_backtrace.o(i.dump_stack) for dump_stack
    cm_backtrace.o(i.cm_backtrace_assert) refers to cm_backtrace.o(i.print_call_stack) for print_call_stack
    cm_backtrace.o(i.cm_backtrace_assert) refers to cm_backtrace.o(.data) for init_ok
    cm_backtrace.o(i.cm_backtrace_assert) refers to cm_backtrace.o(.constdata) for __FUNCTION__
    cm_backtrace.o(i.cm_backtrace_call_stack) refers to cm_backtrace.o(i.disassembly_ins_is_bl_blx) for disassembly_ins_is_bl_blx
    cm_backtrace.o(i.cm_backtrace_call_stack) refers to cm_backtrace.o(.data) for main_stack_start_addr
    cm_backtrace.o(i.cm_backtrace_call_stack) refers to cm_backtrace.o(.bss) for regs
    cm_backtrace.o(i.cm_backtrace_fault) refers to memcpya.o(.text) for __aeabi_memcpy4
    cm_backtrace.o(i.cm_backtrace_fault) refers to cmb_app.o(i.print_UART1) for print_UART1
    cm_backtrace.o(i.cm_backtrace_fault) refers to cm_backtrace.o(i.cm_backtrace_firmware_info) for cm_backtrace_firmware_info
    cm_backtrace.o(i.cm_backtrace_fault) refers to cm_backtrace.o(i.statck_del_fpu_regs) for statck_del_fpu_regs
    cm_backtrace.o(i.cm_backtrace_fault) refers to cm_backtrace.o(i.dump_stack) for dump_stack
    cm_backtrace.o(i.cm_backtrace_fault) refers to cm_backtrace.o(i.fault_diagnosis) for fault_diagnosis
    cm_backtrace.o(i.cm_backtrace_fault) refers to cm_backtrace.o(i.print_call_stack) for print_call_stack
    cm_backtrace.o(i.cm_backtrace_fault) refers to cm_backtrace.o(.constdata) for .constdata
    cm_backtrace.o(i.cm_backtrace_fault) refers to cm_backtrace.o(.data) for main_stack_start_addr
    cm_backtrace.o(i.cm_backtrace_fault) refers to cm_backtrace.o(.bss) for regs
    cm_backtrace.o(i.cm_backtrace_firmware_info) refers to cmb_app.o(i.print_UART1) for print_UART1
    cm_backtrace.o(i.cm_backtrace_firmware_info) refers to cm_backtrace.o(.constdata) for print_info
    cm_backtrace.o(i.cm_backtrace_firmware_info) refers to cm_backtrace.o(.bss) for sw_ver
    cm_backtrace.o(i.cm_backtrace_init) refers to strncpy.o(.text) for strncpy
    cm_backtrace.o(i.cm_backtrace_init) refers to cmb_app.o(i.print_UART1) for print_UART1
    cm_backtrace.o(i.cm_backtrace_init) refers to cm_backtrace.o(.bss) for fw_name
    cm_backtrace.o(i.cm_backtrace_init) refers to cm_backtrace.o(.data) for main_stack_start_addr
    cm_backtrace.o(i.cm_backtrace_init) refers to cm_backtrace.o(.constdata) for print_info
    cm_backtrace.o(i.dump_stack) refers to cmb_app.o(i.print_UART1) for print_UART1
    cm_backtrace.o(i.dump_stack) refers to cm_backtrace.o(.data) for stack_is_overflow
    cm_backtrace.o(i.dump_stack) refers to cm_backtrace.o(.constdata) for print_info
    cm_backtrace.o(i.fault_diagnosis) refers to cmb_app.o(i.print_UART1) for print_UART1
    cm_backtrace.o(i.fault_diagnosis) refers to cm_backtrace.o(.bss) for regs
    cm_backtrace.o(i.fault_diagnosis) refers to cm_backtrace.o(.constdata) for print_info
    cm_backtrace.o(i.print_call_stack) refers to memseta.o(.text) for __aeabi_memclr4
    cm_backtrace.o(i.print_call_stack) refers to cm_backtrace.o(i.cm_backtrace_call_stack) for cm_backtrace_call_stack
    cm_backtrace.o(i.print_call_stack) refers to printfa.o(i.__0sprintf) for __2sprintf
    cm_backtrace.o(i.print_call_stack) refers to cmb_app.o(i.print_UART1) for print_UART1
    cm_backtrace.o(i.print_call_stack) refers to cm_backtrace.o(.bss) for call_stack_info
    cm_backtrace.o(i.print_call_stack) refers to cm_backtrace.o(.constdata) for print_info
    cm_backtrace.o(i.statck_del_fpu_regs) refers to cm_backtrace.o(.data) for statck_has_fpu_regs
    cm_backtrace.o(.constdata) refers to cm_backtrace.o(.conststring) for .conststring
    cmb_app.o(i.cmb_init) refers to printfa.o(i.__0printf) for __2printf
    cmb_app.o(i.cmb_init) refers to cm_backtrace.o(i.cm_backtrace_init) for cm_backtrace_init
    cmb_app.o(i.fault_test_by_div0) refers to printfa.o(i.__0printf) for __2printf
    cmb_app.o(i.log_error) refers to memseta.o(.text) for __aeabi_memclr
    cmb_app.o(i.log_error) refers to cm_backtrace.o(i.cm_backtrace_fault) for cm_backtrace_fault
    cmb_app.o(i.log_error) refers to ff.o(i.f_open) for f_open
    cmb_app.o(i.log_error) refers to ff.o(i.f_write) for f_write
    cmb_app.o(i.log_error) refers to ff.o(i.f_close) for f_close
    cmb_app.o(i.log_error) refers to cmb_app.o(.bss) for err_log
    cmb_app.o(i.log_error) refers to cmb_app.o(.data) for log_write_index
    cmb_app.o(i.print_UART1) refers to printfa.o(i.__0vsnprintf) for vsnprintf
[...]
    err_info                                 0x20000044   Data         696  __test_common.o(.data)
    manufacture_bin_crc                      0x20000300   Data           4  __test_common.o(.data)
    trim_pattern_crc                         0x20000304   Data           4  __test_common.o(.data)
    perf_pattern_crc                         0x20000308   Data           4  __test_common.o(.data)
    test_power                               0x20000314   Data          20  test_interface_power.o(.data)
    trim_ctl                                 0x20000328   Data           4  chip_access.o(.data)
    otp_read_data                            0x2000032c   Data           4  test.o(.data)
    trim_reg_data                            0x20000330   Data           4  test.o(.data)
    custommer_data                           0x20000334   Data           4  test.o(.data)
    user_config                              0x20000338   Data           4  test.o(.data)
    board_id_name                            0x2000033d   Data          24  test.o(.data)
    g_no_load_current                        0x20000384   Data           4  test_current.o(.data)
    run_mode_ft                              0x20000440   Data          24  run_mode_info.o(.data)
    run_mode_ft_prg                          0x20000458   Data          24  run_mode_info.o(.data)
    run_mode_prg                             0x20000470   Data          24  run_mode_info.o(.data)
    run_mode_qc                              0x20000488   Data          24  run_mode_info.o(.data)
    run_mode_qc_flash                        0x200004a0   Data          24  run_mode_info.o(.data)
    run_mode_erase                           0x200004b8   Data          24  run_mode_info.o(.data)
    SPT5113C                                 0x200004d0   Data          32  dut.o(.data)
    dut                                      0x200004f0   Data           8  dut.o(.data)
    run_mode_handle                          0x200004f8   Data           4  dut.o(.data)
    chip_counter_pass                        0x20000508   Data           4  log.o(.data)
    chip_counter_fail                        0x2000050c   Data           4  log.o(.data)
    chip_counter_total                       0x20000510   Data           4  log.o(.data)
    g_iRunTime                               0x20000520   Data           4  bsp_timer.o(.data)
    g64_run_time                             0x20000528   Data           8  bsp_timer.o(.data)
    StopCondition                            0x2000053c   Data           4  bsp_sdio_sd.o(.data)
    TransferError                            0x20000540   Data           1  bsp_sdio_sd.o(.data)
    TransferEnd                              0x20000544   Data           4  bsp_sdio_sd.o(.data)
    DMAEndOfTransfer                         0x20000548   Data           4  bsp_sdio_sd.o(.data)
    g_spi_busy                               0x2000054c   Data           1  bsp_spi_bus.o(.data)
    SystemCoreClock                          0x200005a0   Data           4  system_stm32f4xx.o(.data)
    AHBPrescTable                            0x200005a4   Data          16  system_stm32f4xx.o(.data)
    SET_TEST_MODE                            0x200005c0   Data           4  usbd_core.o(.data)
    USBD_DCD_INT_cb                          0x200005c4   Data          44  usbd_core.o(.data)
    USBD_DCD_INT_fops                        0x200005f0   Data           4  usbd_core.o(.data)
    USBD_ep_status                           0x200005f4   Data           4  usbd_req.o(.data)
    USBD_default_cfg                         0x200005f8   Data           4  usbd_req.o(.data)
    USBD_cfg_status                          0x200005fc   Data           4  usbd_req.o(.data)
    MSC_BOT_DataLen                          0x20000602   Data           2  usbd_msc_bot.o(.data)
    MSC_BOT_State                            0x20000604   Data           1  usbd_msc_bot.o(.data)
    MSC_BOT_Status                           0x20000605   Data           1  usbd_msc_bot.o(.data)
    USBD_MSC_cb                              0x20000608   Data          44  usbd_msc_core.o(.data)
    USBD_MSC_CfgDesc                         0x20000634   Data          32  usbd_msc_core.o(.data)
    SCSI_Sense_Head                          0x20000658   Data           1  usbd_msc_scsi.o(.data)
    SCSI_Sense_Tail                          0x20000659   Data           1  usbd_msc_scsi.o(.data)
    SCSI_blk_size                            0x2000065c   Data           4  usbd_msc_scsi.o(.data)
    SCSI_blk_nbr                             0x20000660   Data           4  usbd_msc_scsi.o(.data)
    SCSI_blk_addr                            0x20000664   Data           4  usbd_msc_scsi.o(.data)
    SCSI_blk_len                             0x20000668   Data           4  usbd_msc_scsi.o(.data)
    cdev                                     0x2000066c   Data           4  usbd_msc_scsi.o(.data)
    USRD_cb                                  0x20000670   Data          28  usbd_usr.o(.data)
    USR_desc                                 0x2000068c   Data          28  usbd_desc.o(.data)
    USBD_DeviceDesc                          0x200006a8   Data          18  usbd_desc.o(.data)
    USBD_DeviceQualifierDesc                 0x200006ba   Data          10  usbd_desc.o(.data)
    USBD_LangIDDesc                          0x200006c4   Data           4  usbd_desc.o(.data)
    USBD_user_fops                           0x200006c8   Data          32  usbd_storage_msd.o(.data)
    USBD_STORAGE_fops                        0x200006e8   Data           4  usbd_storage_msd.o(.data)
    count                                    0x200006ec   Data           4  usbd_storage_msd.o(.data)
    __stdout                                 0x200006fc   Data           4  stdout.o(.data)
    led_timer                                0x20000c38   Data          24  main.o(.bss)
    key_timer                                0x20000c50   Data          24  main.o(.bss)
    up_btn                                   0x20000d68   Data          40  key.o(.bss)
    down_btn                                 0x20000d90   Data          40  key.o(.bss)
    start_btn                                0x20000db8   Data          40  key.o(.bss)
    esc_btn                                  0x20000de0   Data          40  key.o(.bss)
    robot_cmd_btn                            0x20000e08   Data          40  key.o(.bss)
    dut_cmd_btn                              0x20000e30   Data          40  key.o(.bss)
    dut_start_btn                            0x20000e58   Data          40  key.o(.bss)
    bin_cpu_map                              0x20000e80   Data          12  __test_common.o(.bss)
    fs_flash                                 0x20000e8c   Data        4144  __test_common.o(.bss)
    trim_pattern_file                        0x20001ebc   Data        4136  __test_common.o(.bss)
    perf_pattern_file                        0x20002ee4   Data        4136  __test_common.o(.bss)
    customer_file                            0x20003f0c   Data        4136  __test_common.o(.bss)
    ee_data                                  0x2000635c   Data          32  ee_data.o(.bss)
    write_data                               0x2000637c   Data          16  chip_access.o(.bss)
    read_data                                0x2000638c   Data          16  chip_access.o(.bss)
    trim_result                              0x2000639c   Data         104  test.o(.bss)
    trim_measure                             0x20006404   Data          24  test.o(.bss)
    default_measure                          0x2000641c   Data          24  test.o(.bss)
    SDCardInfo                               0x2000c978   Data          88  bsp_sdio_sd.o(.bss)
    SDIO_InitStructure                       0x2000c9d0   Data          24  bsp_sdio_sd.o(.bss)
    SDIO_CmdInitStructure                    0x2000c9e8   Data          20  bsp_sdio_sd.o(.bss)
    SDIO_DataInitStructure                   0x2000c9fc   Data          24  bsp_sdio_sd.o(.bss)
    g_tSF                                    0x2000ca14   Data          28  bsp_spi_flash.o(.bss)
    g_tBeep                                  0x2000ca30   Data          14  bsp_beep.o(.bss)
    g_adc_value                              0x2000ca3e   Data          16  bsp_adc_dma.o(.bss)
    USBD_StrDesc                             0x2000cc4e   Data          64  usbd_req.o(.bss)
    MSC_BOT_Data                             0x2000cc90   Data        4096  usbd_msc_bot.o(.bss)
    MSC_BOT_cbw                              0x2000dc90   Data          32  usbd_msc_bot.o(.bss)
    MSC_BOT_csw                              0x2000dcb0   Data          16  usbd_msc_bot.o(.bss)
    SCSI_Sense                               0x2000dcc0   Data          32  usbd_msc_scsi.o(.bss)
    USB_OTG_dev                              0x2000dce0   Data        1524  usbd_usr.o(.bss)
    STACK$$Base                              0x2000e2d8   Number         0  startup_stm32f40_41xxx.o(STACK)
    STACK$$Limit                             0x200162d8   Number         0  startup_stm32f40_41xxx.o(STACK)
    __initial_sp                             0x200162d8   Data           0  startup_stm32f40_41xxx.o(STACK)



==============================================================================

Memory Map of the image

  Image Entry point : 0x08008189

  Load Region LR_IROM1 (Base: 0x08008000, Size: 0x0003d450, Max: 0x00100000, ABSOLUTE, COMPRESSED[0x0003d0b8])

    Execution Region ER_IROM1 (Exec base: 0x08008000, Load base: 0x08008000, Size: 0x0003cd54, Max: 0x00100000, ABSOLUTE)

    Exec Addr    Load Addr    Size         Type   Attr      Idx    E Section Name        Object

    0x08008000   0x08008000   0x00000188   Data   RO         3833    RESET               startup_stm32f40_41xxx.o
    0x08008188   0x08008188   0x00000000   Code   RO         8431  * .ARM.Collect$$$$00000000  mc_w.l(entry.o)
    0x08008188   0x08008188   0x00000004   Code   RO         8713    .ARM.Collect$$$$00000001  mc_w.l(entry2.o)
    0x0800818c   0x0800818c   0x00000004   Code   RO         8716    .ARM.Collect$$$$00000004  mc_w.l(entry5.o)
    0x08008190   0x08008190   0x00000000   Code   RO         8718    .ARM.Collect$$$$00000008  mc_w.l(entry7b.o)
    0x08008190   0x08008190   0x00000000   Code   RO         8720    .ARM.Collect$$$$0000000A  mc_w.l(entry8b.o)
    0x08008190   0x08008190   0x00000008   Code   RO         8721    .ARM.Collect$$$$0000000B  mc_w.l(entry9a.o)
    0x08008198   0x08008198   0x00000004   Code   RO         8728    .ARM.Collect$$$$0000000E  mc_w.l(entry12b.o)
    0x0800819c   0x0800819c   0x00000000   Code   RO         8723    .ARM.Collect$$$$0000000F  mc_w.l(entry10a.o)
    0x0800819c   0x0800819c   0x00000000   Code   RO         8725    .ARM.Collect$$$$00000011  mc_w.l(entry11a.o)
    0x0800819c   0x0800819c   0x00000004   Code   RO         8714    .ARM.Collect$$$$00002712  mc_w.l(entry2.o)
    0x080081a0   0x080081a0   0x0000000c   Code   RO          358    .text               cmb_fault.o
    0x080081ac   0x080081ac   0x00000024   Code   RO         3834    .text               startup_stm32f40_41xxx.o
    0x080081d0   0x080081d0   0x00000062   Code   RO         8434    .text               mc_w.l(uldiv.o)
    0x08008232   0x08008232   0x00000024   Code   RO         8436    .text               mc_w.l(memcpya.o)
    0x08008256   0x08008256   0x00000024   Code   RO         8438    .text               mc_w.l(memseta.o)
    0x0800827a   0x0800827a   0x00000018   Code   RO         8440    .text               mc_w.l(strncpy.o)
    0x08008292   0x08008292   0x0000000e   Code   RO         8442    .text               mc_w.l(strlen.o)
    0x080082a0   0x080082a0   0x0000001a   Code   RO         8444    .text               mc_w.l(memcmp.o)
    0x080082ba   0x080082ba   0x00000012   Code   RO         8446    .text               mc_w.l(strcpy.o)
    0x080082cc   0x080082cc   0x00000072   Code   RO         8711    .text               mc_w.l(strtoul.o)
    0x0800833e   0x0800833e   0x0000002c   Code   RO         8730    .text               mc_w.l(uidiv.o)
    0x0800836a   0x0800836a   0x0000001e   Code   RO         8732    .text               mc_w.l(llshl.o)
    0x08008388   0x08008388   0x00000020   Code   RO         8734    .text               mc_w.l(llushr.o)
    0x080083a8   0x080083a8   0x00000008   Code   RO         8736    .text               mc_w.l(ctype_o.o)
    0x080083b0   0x080083b0   0x0000009e   Code   RO         8771    .text               mc_w.l(_strtoul.o)
    0x0800844e   0x0800844e   0x00000000   Code   RO         8773    .text               mc_w.l(iusefp.o)
    0x0800844e   0x0800844e   0x0000014e   Code   RO         8774    .text               mf_w.l(dadd.o)
    0x0800859c   0x0800859c   0x000000e4   Code   RO         8776    .text               mf_w.l(dmul.o)
    0x08008680   0x08008680   0x000000de   Code   RO         8778    .text               mf_w.l(ddiv.o)
    0x0800875e   0x0800875e   0x00000030   Code   RO         8780    .text               mf_w.l(dfixul.o)
    0x0800878e   0x0800878e   0x00000002   PAD
    0x08008790   0x08008790   0x00000030   Code   RO         8782    .text               mf_w.l(cdrcmple.o)
    0x080087c0   0x080087c0   0x00000024   Code   RO         8784    .text               mc_w.l(init.o)
    0x080087e4   0x080087e4   0x00000024   Code   RO         8786    .text               mc_w.l(llsshr.o)
    0x08008808   0x08008808   0x0000001c   Code   RO         8788    .text               mc_w.l(_chval.o)
    0x08008824   0x08008824   0x000000ba   Code   RO         8790    .text               mf_w.l(depilogue.o)
    0x080088de   0x080088de   0x00000056   Code   RO         8800    .text               mc_w.l(__dczerorl2.o)
    0x08008934   0x08008934   0x00000016   Code   RO         5578    i.ADC_Cmd           stm32f4xx_adc.o
    0x0800894a   0x0800894a   0x00000002   PAD
    0x0800894c   0x0800894c   0x00000030   Code   RO         5579    i.ADC_CommonInit    stm32f4xx_adc.o
    0x0800897c   0x0800897c   0x00000016   Code   RO         5582    i.ADC_DMACmd        stm32f4xx_adc.o
    0x08008992   0x08008992   0x00000016   Code   RO         5583    i.ADC_DMARequestAfterLastTransferCmd  stm32f4xx_adc.o
    0x080089a8   0x080089a8   0x00000054   Code   RO         5598    i.ADC_Init          stm32f4xx_adc.o
    0x080089fc   0x080089fc   0x000000b8   Code   RO         5603    i.ADC_RegularChannelConfig  stm32f4xx_adc.o
    0x08008ab4   0x08008ab4   0x0000000a   Code   RO         5605    i.ADC_SoftwareStartConv  stm32f4xx_adc.o
    0x08008abe   0x08008abe   0x00000002   PAD
    0x08008ac0   0x08008ac0   0x0000002c   Code   RO         5608    i.ADC_TempSensorVrefintCmd  stm32f4xx_adc.o
    0x08008aec   0x08008aec   0x0000002c   Code   RO         5609    i.ADC_VBATCmd       stm32f4xx_adc.o
    0x08008b18   0x08008b18   0x00000048   Code   RO         3166    i.BEEP_InitHard     bsp_beep.o
    0x08008b60   0x08008b60   0x0000000e   Code   RO         3167    i.BEEP_KeyTone      bsp_beep.o
    0x08008b6e   0x08008b6e   0x00000002   PAD
    0x08008b70   0x08008b70   0x000000b0   Code   RO         3169    i.BEEP_Pro          bsp_beep.o
    0x08008c20   0x08008c20   0x00000038   Code   RO         3171    i.BEEP_Start        bsp_beep.o
    0x08008c58   0x08008c58   0x00000004   Code   RO         2412    i.BusFault_Handler  stm32f4xx_it.o
    0x08008c5c   0x08008c5c   0x0000002c   Code   RO         2590    i.CmdError          bsp_sdio_sd.o
    0x08008c88   0x08008c88   0x00000134   Code   RO         2591    i.CmdResp1Error     bsp_sdio_sd.o
    0x08008dbc   0x08008dbc   0x0000004c   Code   RO         2592    i.CmdResp2Error     bsp_sdio_sd.o
    0x08008e08   0x08008e08   0x00000038   Code   RO         2593    i.CmdResp3Error     bsp_sdio_sd.o
    0x08008e40   0x08008e40   0x0000009c   Code   RO         2594    i.CmdResp6Error     bsp_sdio_sd.o
    0x08008edc   0x08008edc   0x0000004c   Code   RO         2595    i.CmdResp7Error     bsp_sdio_sd.o
    0x08008f28   0x08008f28   0x0000003c   Code   RO         2268    i.ComToUart         bsp_uart_fifo.o
    0x08008f64   0x08008f64   0x00000046   Code   RO         2269    i.ConfigUartNVIC    bsp_uart_fifo.o
    0x08008faa   0x08008faa   0x0000004a   Code   RO         8257    i.DCD_EP_Close      usb_dcd.o
    0x08008ff4   0x08008ff4   0x00000048   Code   RO         8258    i.DCD_EP_ClrStall   usb_dcd.o
    0x0800903c   0x0800903c   0x00000024   Code   RO         8259    i.DCD_EP_Flush      usb_dcd.o
    0x08009060   0x08009060   0x00000068   Code   RO         8260    i.DCD_EP_Open       usb_dcd.o
    0x080090c8   0x080090c8   0x00000052   Code   RO         8261    i.DCD_EP_PrepareRx  usb_dcd.o
    0x0800911a   0x0800911a   0x0000001c   Code   RO         8262    i.DCD_EP_SetAddress  usb_dcd.o
    0x08009136   0x08009136   0x00000048   Code   RO         8263    i.DCD_EP_Stall      usb_dcd.o
    0x0800917e   0x0800917e   0x0000004e   Code   RO         8264    i.DCD_EP_Tx         usb_dcd.o
    0x080091cc   0x080091cc   0x00000066   Code   RO         7943    i.DCD_HandleEnumDone_ISR  usb_dcd_int.o
    0x08009232   0x08009232   0x00000002   PAD
    0x08009234   0x08009234   0x00000144   Code   RO         7944    i.DCD_HandleInEP_ISR  usb_dcd_int.o
    0x08009378   0x08009378   0x00000100   Code   RO         7945    i.DCD_HandleOutEP_ISR  usb_dcd_int.o
    0x08009478   0x08009478   0x00000068   Code   RO         7946    i.DCD_HandleResume_ISR  usb_dcd_int.o
    0x080094e0   0x080094e0   0x000000b0   Code   RO         7947    i.DCD_HandleRxStatusQueueLevel_ISR  usb_dcd_int.o
    0x08009590   0x08009590   0x0000002c   Code   RO         7948    i.DCD_HandleSof_ISR  usb_dcd_int.o
    0x080095bc   0x080095bc   0x000000a8   Code   RO         7949    i.DCD_HandleUSBSuspend_ISR  usb_dcd_int.o
    0x08009664   0x08009664   0x00000104   Code   RO         7950    i.DCD_HandleUsbReset_ISR  usb_dcd_int.o
    0x08009768   0x08009768   0x0000009c   Code   RO         8266    i.DCD_Init          usb_dcd.o
    0x08009804   0x08009804   0x0000002c   Code   RO         7951    i.DCD_IsoINIncomplete_ISR  usb_dcd_int.o
    0x08009830   0x08009830   0x0000002c   Code   RO         7952    i.DCD_IsoOUTIncomplete_ISR  usb_dcd_int.o
    0x0800985c   0x0800985c   0x00000028   Code   RO         7953    i.DCD_ReadDevInEP   usb_dcd_int.o
    0x08009884   0x08009884   0x00000090   Code   RO         7954    i.DCD_WriteEmptyTxFifo  usb_dcd_int.o
    0x08009914   0x08009914   0x00000008   Code   RO         2596    i.DMA2_Stream3_IRQHandler  bsp_sdio_sd.o
    0x0800991c   0x0800991c   0x00000034   Code   RO         4560    i.DMA_ClearFlag     stm32f4xx_dma.o
    0x08009950   0x08009950   0x00000016   Code   RO         4562    i.DMA_Cmd           stm32f4xx_dma.o
    0x08009966   0x08009966   0x00000002   PAD
    0x08009968   0x08009968   0x00000158   Code   RO         4563    i.DMA_DeInit        stm32f4xx_dma.o
    0x08009ac0   0x08009ac0   0x00000016   Code   RO         4566    i.DMA_FlowControllerConfig  stm32f4xx_dma.o
    0x08009ad6   0x08009ad6   0x0000003a   Code   RO         4573    i.DMA_ITConfig      stm32f4xx_dma.o
    0x08009b10   0x08009b10   0x00000058   Code   RO         4574    i.DMA_Init          stm32f4xx_dma.o
    0x08009b68   0x08009b68   0x00000002   Code   RO         2413    i.DebugMon_Handler  stm32f4xx_it.o
    0x08009b6a   0x08009b6a   0x00000002   PAD
    0x08009b6c   0x08009b6c   0x00000088   Code   RO          364    i.DispMenu          main.o
    0x08009bf4   0x08009bf4   0x00000194   Code   RO         2597    i.FindSCR           bsp_sdio_sd.o
    0x08009d88   0x08009d88   0x00000090   Code   RO         4275    i.GPIO_Init         stm32f4xx_gpio.o
    0x08009e18   0x08009e18   0x00000046   Code   RO         4276    i.GPIO_PinAFConfig  stm32f4xx_gpio.o
    0x08009e5e   0x08009e5e   0x00000012   Code   RO         4279    i.GPIO_ReadInputDataBit  stm32f4xx_gpio.o
    0x08009e70   0x08009e70   0x00000004   Code   RO         4282    i.GPIO_ResetBits    stm32f4xx_gpio.o
    0x08009e74   0x08009e74   0x00000004   Code   RO         4283    i.GPIO_SetBits      stm32f4xx_gpio.o
    0x08009e78   0x08009e78   0x00000144   Code   RO         1382    i.IO_Config         test_interface_power.o
    0x08009fbc   0x08009fbc   0x00000008   Code   RO         3712    i.IWDG_Feed         bsp_iwdg.o
    0x08009fc4   0x08009fc4   0x00000010   Code   RO         6494    i.IWDG_ReloadCounter  stm32f4xx_iwdg.o
    0x08009fd4   0x08009fd4   0x00000164   Code   RO         2270    i.InitHardUart      bsp_uart_fifo.o
    0x0800a138   0x0800a138   0x00000044   Code   RO         7381    i.MSC_BOT_Abort     usbd_msc_bot.o
    0x0800a17c   0x0800a17c   0x000000d0   Code   RO         7382    i.MSC_BOT_CBW_Decode  usbd_msc_bot.o
    0x0800a24c   0x0800a24c   0x0000003c   Code   RO         7383    i.MSC_BOT_CplClrFeature  usbd_msc_bot.o
    0x0800a288   0x0800a288   0x00000050   Code   RO         7384    i.MSC_BOT_DataIn    usbd_msc_bot.o
    0x0800a2d8   0x0800a2d8   0x00000044   Code   RO         7385    i.MSC_BOT_DataOut   usbd_msc_bot.o
    0x0800a31c   0x0800a31c   0x0000000c   Code   RO         7386    i.MSC_BOT_DeInit    usbd_msc_bot.o
    0x0800a328   0x0800a328   0x00000048   Code   RO         7387    i.MSC_BOT_Init      usbd_msc_bot.o
    0x0800a370   0x0800a370   0x0000002c   Code   RO         7388    i.MSC_BOT_Reset     usbd_msc_bot.o
    0x0800a39c   0x0800a39c   0x00000040   Code   RO         7389    i.MSC_BOT_SendCSW   usbd_msc_bot.o
    0x0800a3dc   0x0800a3dc   0x00000048   Code   RO         7390    i.MSC_BOT_SendData  usbd_msc_bot.o
    0x0800a424   0x0800a424   0x00000004   Code   RO         2414    i.MemManage_Handler  stm32f4xx_it.o
    0x0800a428   0x0800a428   0x00000010   Code   RO         8395    i.MultiTimerInstall  multitimer.o
    0x0800a438   0x0800a438   0x00000088   Code   RO         8396    i.MultiTimerStart   multitimer.o
    0x0800a4c0   0x0800a4c0   0x00000048   Code   RO         8398    i.MultiTimerYield   multitimer.o
    0x0800a508   0x0800a508   0x00000002   Code   RO         2415    i.NMI_Handler       stm32f4xx_it.o
    0x0800a50a   0x0800a50a   0x00000002   PAD
    0x0800a50c   0x0800a50c   0x00000078   Code   RO         4230    i.NVIC_Init         misc.o
    0x0800a584   0x0800a584   0x00000014   Code   RO         4231    i.NVIC_PriorityGroupConfig  misc.o
    0x0800a598   0x0800a598   0x00000014   Code   RO         4232    i.NVIC_SetVectorTable  misc.o
    0x0800a5ac   0x0800a5ac   0x00000010   Code   RO         7774    i.OTG_FS_IRQHandler  usb_it.o
    0x0800a5bc   0x0800a5bc   0x00000002   Code   RO         2416    i.PendSV_Handler    stm32f4xx_it.o
    0x0800a5be   0x0800a5be   0x00000002   PAD
    0x0800a5c0   0x0800a5c0   0x0000000c   Code   RO          365    i.PlatformTicksGetFunc  main.o
    0x0800a5cc   0x0800a5cc   0x00000168   Code   RO         1039    i.PrintfLogo        board_type.o
    0x0800a734   0x0800a734   0x00000020   Code   RO         3840    i.RCC_AHB1PeriphClockCmd  stm32f4xx_rcc.o
    0x0800a754   0x0800a754   0x00000020   Code   RO         3843    i.RCC_AHB2PeriphClockCmd  stm32f4xx_rcc.o
    0x0800a774   0x0800a774   0x00000020   Code   RO         3849    i.RCC_APB1PeriphClockCmd  stm32f4xx_rcc.o
    0x0800a794   0x0800a794   0x00000020   Code   RO         3852    i.RCC_APB2PeriphClockCmd  stm32f4xx_rcc.o
    0x0800a7b4   0x0800a7b4   0x00000020   Code   RO         3854    i.RCC_APB2PeriphResetCmd  stm32f4xx_rcc.o
    0x0800a7d4   0x0800a7d4   0x000000e8   Code   RO         3861    i.RCC_GetClocksFreq  stm32f4xx_rcc.o
    0x0800a8bc   0x0800a8bc   0x0000002c   Code   RO         7548    i.SCSI_CheckAddressRange  usbd_msc_scsi.o
    0x0800a8e8   0x0800a8e8   0x00000058   Code   RO         7549    i.SCSI_Inquiry      usbd_msc_scsi.o
    0x0800a940   0x0800a940   0x00000030   Code   RO         7550    i.SCSI_ModeSense10  usbd_msc_scsi.o
    0x0800a970   0x0800a970   0x00000030   Code   RO         7551    i.SCSI_ModeSense6   usbd_msc_scsi.o
    0x0800a9a0   0x0800a9a0   0x000000d8   Code   RO         7552    i.SCSI_ProcessCmd   usbd_msc_scsi.o
    0x0800aa78   0x0800aa78   0x000000b8   Code   RO         7553    i.SCSI_ProcessRead  usbd_msc_scsi.o
    0x0800ab30   0x0800ab30   0x000000cc   Code   RO         7554    i.SCSI_ProcessWrite  usbd_msc_scsi.o
    0x0800abfc   0x0800abfc   0x000000f0   Code   RO         7555    i.SCSI_Read10       usbd_msc_scsi.o
    0x0800acec   0x0800acec   0x0000008c   Code   RO         7556    i.SCSI_ReadCapacity10  usbd_msc_scsi.o
    0x0800ad78   0x0800ad78   0x00000088   Code   RO         7557    i.SCSI_ReadFormatCapacity  usbd_msc_scsi.o
    0x0800ae00   0x0800ae00   0x00000098   Code   RO         7558    i.SCSI_RequestSense  usbd_msc_scsi.o
    0x0800ae98   0x0800ae98   0x0000003c   Code   RO         7559    i.SCSI_SenseCode    usbd_msc_scsi.o
    0x0800aed4   0x0800aed4   0x00000010   Code   RO         7560    i.SCSI_StartStopUnit  usbd_msc_scsi.o
    0x0800aee4   0x0800aee4   0x00000050   Code   RO         7561    i.SCSI_TestUnitReady  usbd_msc_scsi.o
    0x0800af34   0x0800af34   0x00000050   Code   RO         7562    i.SCSI_Verify10     usbd_msc_scsi.o
    0x0800af84   0x0800af84   0x00000134   Code   RO         7563    i.SCSI_Write10      usbd_msc_scsi.o
    0x0800b0b8   0x0800b0b8   0x0000011c   Code   RO         2599    i.SDEnWideBus       bsp_sdio_sd.o
    0x0800b1d4   0x0800b1d4   0x0000000c   Code   RO         4689    i.SDIO_ClearFlag    stm32f4xx_sdio.o
    0x0800b1e0   0x0800b1e0   0x0000000c   Code   RO         4690    i.SDIO_ClearITPendingBit  stm32f4xx_sdio.o
    0x0800b1ec   0x0800b1ec   0x0000000c   Code   RO         4691    i.SDIO_ClockCmd     stm32f4xx_sdio.o
    0x0800b1f8   0x0800b1f8   0x0000000c   Code   RO         4694    i.SDIO_DMACmd       stm32f4xx_sdio.o
    0x0800b204   0x0800b204   0x00000034   Code   RO         4695    i.SDIO_DataConfig   stm32f4xx_sdio.o
    0x0800b238   0x0800b238   0x00000016   Code   RO         4697    i.SDIO_DeInit       stm32f4xx_sdio.o
    0x0800b24e   0x0800b24e   0x00000002   PAD
    0x0800b250   0x0800b250   0x0000000c   Code   RO         4698    i.SDIO_GetCommandResponse  stm32f4xx_sdio.o
    0x0800b25c   0x0800b25c   0x00000018   Code   RO         4701    i.SDIO_GetFlagStatus  stm32f4xx_sdio.o
    0x0800b274   0x0800b274   0x00000018   Code   RO         4702    i.SDIO_GetITStatus  stm32f4xx_sdio.o
    0x0800b28c   0x0800b28c   0x00000010   Code   RO         4703    i.SDIO_GetPowerState  stm32f4xx_sdio.o
    0x0800b29c   0x0800b29c   0x00000018   Code   RO         4704    i.SDIO_GetResponse  stm32f4xx_sdio.o
    0x0800b2b4   0x0800b2b4   0x00000008   Code   RO         2600    i.SDIO_IRQHandler   bsp_sdio_sd.o
    0x0800b2bc   0x0800b2bc   0x00000020   Code   RO         4705    i.SDIO_ITConfig     stm32f4xx_sdio.o
    0x0800b2dc   0x0800b2dc   0x00000030   Code   RO         4706    i.SDIO_Init         stm32f4xx_sdio.o
    0x0800b30c   0x0800b30c   0x0000003a   Code   RO         2601    i.SDIO_Interrupts_Config  bsp_sdio_sd.o
    0x0800b346   0x0800b346   0x00000002   PAD
    0x0800b348   0x0800b348   0x0000000c   Code   RO         4707    i.SDIO_ReadData     stm32f4xx_sdio.o
    0x0800b354   0x0800b354   0x0000002c   Code   RO         4709    i.SDIO_SendCommand  stm32f4xx_sdio.o
    0x0800b380   0x0800b380   0x0000000c   Code   RO         4711    i.SDIO_SetPowerState  stm32f4xx_sdio.o
    0x0800b38c   0x0800b38c   0x00000020   Code   RO         2603    i.SD_Detect         bsp_sdio_sd.o
    0x0800b3ac   0x0800b3ac   0x00000090   Code   RO         2604    i.SD_EnableWideBusOperation  bsp_sdio_sd.o
    0x0800b43c   0x0800b43c   0x0000031c   Code   RO         2606    i.SD_GetCardInfo    bsp_sdio_sd.o
    0x0800b758   0x0800b758   0x00000026   Code   RO         2608    i.SD_GetState       bsp_sdio_sd.o
    0x0800b77e   0x0800b77e   0x0000001e   Code   RO         2609    i.SD_GetStatus      bsp_sdio_sd.o
    0x0800b79c   0x0800b79c   0x0000008c   Code   RO         2612    i.SD_Init           bsp_sdio_sd.o
    0x0800b828   0x0800b828   0x0000013c   Code   RO         2613    i.SD_InitializeCards  bsp_sdio_sd.o
    0x0800b964   0x0800b964   0x0000008c   Code   RO         2614    i.SD_LowLevel_DMA_RxConfig  bsp_sdio_sd.o
    0x0800b9f0   0x0800b9f0   0x0000008c   Code   RO         2615    i.SD_LowLevel_DMA_TxConfig  bsp_sdio_sd.o
    0x0800ba7c   0x0800ba7c   0x000000bc   Code   RO         2617    i.SD_LowLevel_Init  bsp_sdio_sd.o
    0x0800bb38   0x0800bb38   0x000001a0   Code   RO         2619    i.SD_PowerON        bsp_sdio_sd.o
    0x0800bcd8   0x0800bcd8   0x00000028   Code   RO         2620    i.SD_ProcessDMAIRQ  bsp_sdio_sd.o
    0x0800bd00   0x0800bd00   0x000000ac   Code   RO         2621    i.SD_ProcessIRQSrc  bsp_sdio_sd.o
    0x0800bdac   0x0800bdac   0x000000f0   Code   RO         2622    i.SD_ReadBlock      bsp_sdio_sd.o
    0x0800be9c   0x0800be9c   0x000000f8   Code   RO         2623    i.SD_ReadMultiBlocks  bsp_sdio_sd.o
    0x0800bf94   0x0800bf94   0x00000038   Code   RO         2624    i.SD_SelectDeselect  bsp_sdio_sd.o
    0x0800bfcc   0x0800bfcc   0x00000054   Code   RO         2626    i.SD_SendStatus     bsp_sdio_sd.o
    0x0800c020   0x0800c020   0x00000034   Code   RO         2627    i.SD_StopTransfer   bsp_sdio_sd.o
    0x0800c054   0x0800c054   0x00000080   Code   RO         2628    i.SD_WaitReadOperation  bsp_sdio_sd.o
    0x0800c0d4   0x0800c0d4   0x000000ec   Code   RO         2630    i.SD_WriteBlock     bsp_sdio_sd.o
    0x0800c1c0   0x0800c1c0   0x00000158   Code   RO         2631    i.SD_WriteMultiBlocks  bsp_sdio_sd.o
    0x0800c318   0x0800c318   0x00000018   Code   RO         4888    i.SPI_Cmd           stm32f4xx_spi.o
    0x0800c330   0x0800c330   0x00000012   Code   RO         4896    i.SPI_I2S_GetFlagStatus  stm32f4xx_spi.o
    0x0800c342   0x0800c342   0x00000006   Code   RO         4899    i.SPI_I2S_ReceiveData  stm32f4xx_spi.o
    0x0800c348   0x0800c348   0x00000004   Code   RO         4900    i.SPI_I2S_SendData  stm32f4xx_spi.o
    0x0800c34c   0x0800c34c   0x00000024   Code   RO         7865    i.STORAGE_GetCapacity  usbd_storage_msd.o
    0x0800c370   0x0800c370   0x00000004   Code   RO         7866    i.STORAGE_GetMaxLun  usbd_storage_msd.o
    0x0800c374   0x0800c374   0x00000012   Code   RO         7867    i.STORAGE_Init      usbd_storage_msd.o
    0x0800c386   0x0800c386   0x00000002   PAD
    0x0800c388   0x0800c388   0x0000007c   Code   RO         7868    i.STORAGE_IsReady   usbd_storage_msd.o
    0x0800c404   0x0800c404   0x00000006   Code   RO         7869    i.STORAGE_IsWriteProtected  usbd_storage_msd.o
    0x0800c40a   0x0800c40a   0x00000022   Code   RO         7870    i.STORAGE_Read      usbd_storage_msd.o
    0x0800c42c   0x0800c42c   0x00000032   Code   RO         7871    i.STORAGE_Write     usbd_storage_msd.o
    0x0800c45e   0x0800c45e   0x00000002   Code   RO         2417    i.SVC_Handler       stm32f4xx_it.o
    0x0800c460   0x0800c460   0x000000ec   Code   RO         6592    i.SetSysClock       system_stm32f4xx.o
    0x0800c54c   0x0800c54c   0x00000008   Code   RO         2165    i.SysTick_Handler   bsp_timer.o
    0x0800c554   0x0800c554   0x00000098   Code   RO         2166    i.SysTick_ISR       bsp_timer.o
    0x0800c5ec   0x0800c5ec   0x00000068   Code   RO         6594    i.SystemInit        system_stm32f4xx.o
    0x0800c654   0x0800c654   0x00000028   Code   RO         3409    i.TIM3_IRQHandler   bsp_timer_capture.o
    0x0800c67c   0x0800c67c   0x00000006   Code   RO         5825    i.TIM_ClearITPendingBit  stm32f4xx_tim.o
    0x0800c682   0x0800c682   0x00000018   Code   RO         5830    i.TIM_Cmd           stm32f4xx_tim.o
    0x0800c69a   0x0800c69a   0x00000036   Code   RO         5836    i.TIM_ETRClockMode1Config  stm32f4xx_tim.o
    0x0800c6d0   0x0800c6d0   0x0000001c   Code   RO         5838    i.TIM_ETRConfig     stm32f4xx_tim.o
    0x0800c6ec   0x0800c6ec   0x00000006   Code   RO         5849    i.TIM_GetCounter    stm32f4xx_tim.o
    0x0800c6f2   0x0800c6f2   0x00000022   Code   RO         5851    i.TIM_GetITStatus   stm32f4xx_tim.o
    0x0800c714   0x0800c714   0x00000012   Code   RO         5855    i.TIM_ITConfig      stm32f4xx_tim.o
    0x0800c726   0x0800c726   0x00000004   Code   RO         5890    i.TIM_SetAutoreload  stm32f4xx_tim.o
    0x0800c72a   0x0800c72a   0x00000004   Code   RO         5896    i.TIM_SetCounter    stm32f4xx_tim.o
    0x0800c72e   0x0800c72e   0x00000002   PAD
    0x0800c730   0x0800c730   0x00000084   Code   RO         5902    i.TIM_TimeBaseInit  stm32f4xx_tim.o
    0x0800c7b4   0x0800c7b4   0x00000010   Code   RO         2271    i.USART1_IRQHandler  bsp_uart_fifo.o
    0x0800c7c4   0x0800c7c4   0x00000010   Code   RO         2272    i.USART2_IRQHandler  bsp_uart_fifo.o
    0x0800c7d4   0x0800c7d4   0x00000012   Code   RO         4372    i.USART_ClearFlag   stm32f4xx_usart.o
    0x0800c7e6   0x0800c7e6   0x00000018   Code   RO         4376    i.USART_Cmd         stm32f4xx_usart.o
    0x0800c7fe   0x0800c7fe   0x0000001a   Code   RO         4379    i.USART_GetFlagStatus  stm32f4xx_usart.o
    0x0800c818   0x0800c818   0x00000054   Code   RO         4380    i.USART_GetITStatus  stm32f4xx_usart.o
    0x0800c86c   0x0800c86c   0x0000004a   Code   RO         4382    i.USART_ITConfig    stm32f4xx_usart.o
    0x0800c8b6   0x0800c8b6   0x00000002   PAD
    0x0800c8b8   0x0800c8b8   0x000000d4   Code   RO         4383    i.USART_Init        stm32f4xx_usart.o
    0x0800c98c   0x0800c98c   0x0000000a   Code   RO         4390    i.USART_ReceiveData  stm32f4xx_usart.o
    0x0800c996   0x0800c996   0x00000008   Code   RO         4393    i.USART_SendData    stm32f4xx_usart.o
    0x0800c99e   0x0800c99e   0x00000016   Code   RO         7126    i.USBD_ClrCfg       usbd_core.o
    0x0800c9b4   0x0800c9b4   0x00000048   Code   RO         7282    i.USBD_ClrFeature   usbd_req.o
    0x0800c9fc   0x0800c9fc   0x0000001e   Code   RO         7226    i.USBD_CtlContinueRx  usbd_ioreq.o
    0x0800ca1a   0x0800ca1a   0x0000001e   Code   RO         7227    i.USBD_CtlContinueSendData  usbd_ioreq.o
    0x0800ca38   0x0800ca38   0x0000001e   Code   RO         7283    i.USBD_CtlError     usbd_req.o
    0x0800ca56   0x0800ca56   0x00000024   Code   RO         7229    i.USBD_CtlReceiveStatus  usbd_ioreq.o
    0x0800ca7a   0x0800ca7a   0x0000002e   Code   RO         7230    i.USBD_CtlSendData  usbd_ioreq.o
    0x0800caa8   0x0800caa8   0x00000024   Code   RO         7231    i.USBD_CtlSendStatus  usbd_ioreq.o
    0x0800cacc   0x0800cacc   0x000000d0   Code   RO         7127    i.USBD_DataInStage  usbd_core.o
    0x0800cb9c   0x0800cb9c   0x00000096   Code   RO         7128    i.USBD_DataOutStage  usbd_core.o
    0x0800cc32   0x0800cc32   0x00000006   Code   RO         7129    i.USBD_DeInit       usbd_core.o
    0x0800cc38   0x0800cc38   0x00000054   Code   RO         7284    i.USBD_GetConfig    usbd_req.o
    0x0800cc8c   0x0800cc8c   0x00000122   Code   RO         7285    i.USBD_GetDescriptor  usbd_req.o
    0x0800cdae   0x0800cdae   0x00000014   Code   RO         7286    i.USBD_GetLen       usbd_req.o
    0x0800cdc2   0x0800cdc2   0x00000014   Code   RO         7232    i.USBD_GetRxCount   usbd_ioreq.o
    0x0800cdd6   0x0800cdd6   0x00000002   PAD
    0x0800cdd8   0x0800cdd8   0x00000050   Code   RO         7287    i.USBD_GetStatus    usbd_req.o
    0x0800ce28   0x0800ce28   0x00000052   Code   RO         7288    i.USBD_GetString    usbd_req.o
    0x0800ce7a   0x0800ce7a   0x00000042   Code   RO         7130    i.USBD_Init         usbd_core.o
    0x0800cebc   0x0800cebc   0x00000012   Code   RO         7131    i.USBD_IsoINIncomplete  usbd_core.o
    0x0800cece   0x0800cece   0x00000012   Code   RO         7132    i.USBD_IsoOUTIncomplete  usbd_core.o
    0x0800cee0   0x0800cee0   0x00000012   Code   RO         7468    i.USBD_MSC_DataIn   usbd_msc_core.o
    0x0800cef2   0x0800cef2   0x00000012   Code   RO         7469    i.USBD_MSC_DataOut  usbd_msc_core.o
    0x0800cf04   0x0800cf04   0x00000020   Code   RO         7470    i.USBD_MSC_DeInit   usbd_msc_core.o
    0x0800cf24   0x0800cf24   0x00000010   Code   RO         7471    i.USBD_MSC_GetCfgDesc  usbd_msc_core.o
    0x0800cf34   0x0800cf34   0x00000030   Code   RO         7472    i.USBD_MSC_Init     usbd_msc_core.o
    0x0800cf64   0x0800cf64   0x00000120   Code   RO         7473    i.USBD_MSC_Setup    usbd_msc_core.o
    0x0800d084   0x0800d084   0x000000e0   Code   RO         7955    i.USBD_OTG_ISR_Handler  usb_dcd_int.o
    0x0800d164   0x0800d164   0x00000048   Code   RO         7289    i.USBD_ParseSetupRequest  usbd_req.o
    0x0800d1ac   0x0800d1ac   0x00000032   Code   RO         7133    i.USBD_Reset        usbd_core.o
    0x0800d1de   0x0800d1de   0x0000001e   Code   RO         7134    i.USBD_Resume       usbd_core.o
    0x0800d1fc   0x0800d1fc   0x00000014   Code   RO         7135    i.USBD_RunTestMode  usbd_core.o
    0x0800d210   0x0800d210   0x0000001a   Code   RO         7136    i.USBD_SOF          usbd_core.o
    0x0800d22a   0x0800d22a   0x0000005c   Code   RO         7290    i.USBD_SetAddress   usbd_req.o
    0x0800d286   0x0800d286   0x0000001e   Code   RO         7137    i.USBD_SetCfg       usbd_core.o
    0x0800d2a4   0x0800d2a4   0x000000d0   Code   RO         7291    i.USBD_SetConfig    usbd_req.o
    0x0800d374   0x0800d374   0x000000a4   Code   RO         7292    i.USBD_SetFeature   usbd_req.o
    0x0800d418   0x0800d418   0x00000054   Code   RO         7138    i.USBD_SetupStage   usbd_core.o
    0x0800d46c   0x0800d46c   0x00000072   Code   RO         7293    i.USBD_StdDevReq    usbd_req.o
    0x0800d4de   0x0800d4de   0x00000002   PAD
    0x0800d4e0   0x0800d4e0   0x0000015c   Code   RO         7294    i.USBD_StdEPReq     usbd_req.o
    0x0800d63c   0x0800d63c   0x0000004c   Code   RO         7295    i.USBD_StdItfReq    usbd_req.o
    0x0800d688   0x0800d688   0x00000020   Code   RO         7139    i.USBD_Suspend      usbd_core.o
    0x0800d6a8   0x0800d6a8   0x00000034   Code   RO         7802    i.USBD_USR_ConfigStrDescriptor  usbd_desc.o
    0x0800d6dc   0x0800d6dc   0x00000028   Code   RO         7656    i.USBD_USR_DeviceConfigured  usbd_usr.o
    0x0800d704   0x0800d704   0x00000028   Code   RO         7657    i.USBD_USR_DeviceConnected  usbd_usr.o
    0x0800d72c   0x0800d72c   0x00000010   Code   RO         7803    i.USBD_USR_DeviceDescriptor  usbd_desc.o
    0x0800d73c   0x0800d73c   0x0000002c   Code   RO         7658    i.USBD_USR_DeviceDisconnected  usbd_usr.o
    0x0800d768   0x0800d768   0x00000098   Code   RO         7659    i.USBD_USR_DeviceReset  usbd_usr.o
    0x0800d800   0x0800d800   0x00000020   Code   RO         7660    i.USBD_USR_DeviceResumed  usbd_usr.o
    0x0800d820   0x0800d820   0x00000028   Code   RO         7661    i.USBD_USR_DeviceSuspended  usbd_usr.o
    0x0800d848   0x0800d848   0x00000020   Code   RO         7662    i.USBD_USR_Init     usbd_usr.o
    0x0800d868   0x0800d868   0x00000038   Code   RO         7804    i.USBD_USR_InterfaceStrDescriptor  usbd_desc.o
    0x0800d8a0   0x0800d8a0   0x00000010   Code   RO         7805    i.USBD_USR_LangIDStrDescriptor  usbd_desc.o
    0x0800d8b0   0x0800d8b0   0x0000002c   Code   RO         7806    i.USBD_USR_ManufacturerStrDescriptor  usbd_desc.o
    0x0800d8dc   0x0800d8dc   0x00000058   Code   RO         7807    i.USBD_USR_ProductStrDescriptor  usbd_desc.o
    0x0800d934   0x0800d934   0x00000048   Code   RO         7808    i.USBD_USR_SerialStrDescriptor  usbd_desc.o
    0x0800d97c   0x0800d97c   0x0000002c   Code   RO         7736    i.USB_OTG_BSP_EnableInterrupt  usb_bsp.o
    0x0800d9a8   0x0800d9a8   0x0000005c   Code   RO         7737    i.USB_OTG_BSP_Init  usb_bsp.o
    0x0800da04   0x0800da04   0x00000012   Code   RO         7738    i.USB_OTG_BSP_mDelay  usb_bsp.o
    0x0800da16   0x0800da16   0x00000016   Code   RO         7739    i.USB_OTG_BSP_uDelay  usb_bsp.o
    0x0800da2c   0x0800da2c   0x00000126   Code   RO         8028    i.USB_OTG_CoreInit  usb_core.o
    0x0800db52   0x0800db52   0x0000020a   Code   RO         8029    i.USB_OTG_CoreInitDev  usb_core.o
    0x0800dd5c   0x0800dd5c   0x00000070   Code   RO         8030    i.USB_OTG_CoreReset  usb_core.o
    0x0800ddcc   0x0800ddcc   0x00000022   Code   RO         8031    i.USB_OTG_DisableGlobalInt  usb_core.o
    0x0800ddee   0x0800ddee   0x0000006a   Code   RO         8032    i.USB_OTG_EP0Activate  usb_core.o
    0x0800de58   0x0800de58   0x00000156   Code   RO         8033    i.USB_OTG_EP0StartXfer  usb_core.o
    0x0800dfae   0x0800dfae   0x00000062   Code   RO         8034    i.USB_OTG_EP0_OutStart  usb_core.o
    0x0800e010   0x0800e010   0x00000098   Code   RO         8035    i.USB_OTG_EPActivate  usb_core.o
    0x0800e0a8   0x0800e0a8   0x00000050   Code   RO         8036    i.USB_OTG_EPClearStall  usb_core.o
    0x0800e0f8   0x0800e0f8   0x0000005e   Code   RO         8037    i.USB_OTG_EPDeactivate  usb_core.o
    0x0800e156   0x0800e156   0x00000064   Code   RO         8038    i.USB_OTG_EPSetStall  usb_core.o
    0x0800e1ba   0x0800e1ba   0x000001f6   Code   RO         8039    i.USB_OTG_EPStartXfer  usb_core.o
    0x0800e3b0   0x0800e3b0   0x00000034   Code   RO         8040    i.USB_OTG_EnableCommonInt  usb_core.o
    0x0800e3e4   0x0800e3e4   0x0000009a   Code   RO         8041    i.USB_OTG_EnableDevInt  usb_core.o
    0x0800e47e   0x0800e47e   0x00000022   Code   RO         8042    i.USB_OTG_EnableGlobalInt  usb_core.o
    0x0800e4a0   0x0800e4a0   0x0000004c   Code   RO         8043    i.USB_OTG_FlushRxFifo  usb_core.o
    0x0800e4ec   0x0800e4ec   0x00000054   Code   RO         8044    i.USB_OTG_FlushTxFifo  usb_core.o
    0x0800e540   0x0800e540   0x00000034   Code   RO         8045    i.USB_OTG_GetDeviceSpeed  usb_core.o
    0x0800e574   0x0800e574   0x0000000c   Code   RO         8047    i.USB_OTG_GetMode   usb_core.o
    0x0800e580   0x0800e580   0x00000018   Code   RO         8048    i.USB_OTG_InitDevSpeed  usb_core.o
    0x0800e598   0x0800e598   0x00000016   Code   RO         8049    i.USB_OTG_IsDeviceMode  usb_core.o
    0x0800e5ae   0x0800e5ae   0x00000010   Code   RO         8051    i.USB_OTG_ReadCoreItr  usb_core.o
    0x0800e5be   0x0800e5be   0x00000010   Code   RO         8052    i.USB_OTG_ReadDevAllInEPItr  usb_core.o
    0x0800e5ce   0x0800e5ce   0x00000010   Code   RO         8053    i.USB_OTG_ReadDevAllOutEp_itr  usb_core.o
    0x0800e5de   0x0800e5de   0x00000014   Code   RO         8054    i.USB_OTG_ReadDevOutEP_itr  usb_core.o
    0x0800e5f2   0x0800e5f2   0x00000028   Code   RO         8056    i.USB_OTG_ReadPacket  usb_core.o
    0x0800e61a   0x0800e61a   0x00000002   PAD
    0x0800e61c   0x0800e61c   0x000000d0   Code   RO         8057    i.USB_OTG_SelectCore  usb_core.o
    0x0800e6ec   0x0800e6ec   0x0000004e   Code   RO         8058    i.USB_OTG_SetCurrentMode  usb_core.o
    0x0800e73a   0x0800e73a   0x00000040   Code   RO         8062    i.USB_OTG_WritePacket  usb_core.o
    0x0800e77a   0x0800e77a   0x0000004a   Code   RO         2275    i.UartGetChar       bsp_uart_fifo.o
    0x0800e7c4   0x0800e7c4   0x000000fa   Code   RO         2276    i.UartIRQ           bsp_uart_fifo.o
    0x0800e8be   0x0800e8be   0x00000092   Code   RO         2277    i.UartSend          bsp_uart_fifo.o
    0x0800e950   0x0800e950   0x00000078   Code   RO         2278    i.UartVarInit       bsp_uart_fifo.o
    0x0800e9c8   0x0800e9c8   0x00000004   Code   RO         2418    i.UsageFault_Handler  stm32f4xx_it.o
    0x0800e9cc   0x0800e9cc   0x00000020   Code   RO         8683    i.__0printf         mc_w.l(printfa.o)
    0x0800e9ec   0x0800e9ec   0x00000028   Code   RO         8685    i.__0sprintf        mc_w.l(printfa.o)
    0x0800ea14   0x0800ea14   0x00000034   Code   RO         8688    i.__0vsnprintf      mc_w.l(printfa.o)
    0x0800ea48   0x0800ea48   0x00000024   Code   RO         8689    i.__0vsprintf       mc_w.l(printfa.o)
    0x0800ea6c   0x0800ea6c   0x00000008   Code   RO         8764    i.__aeabi_errno_addr  mc_w.l(errno.o)
    0x0800ea74   0x0800ea74   0x0000000e   Code   RO         8794    i.__scatterload_copy  mc_w.l(handlers.o)
    0x0800ea82   0x0800ea82   0x00000002   Code   RO         8795    i.__scatterload_null  mc_w.l(handlers.o)
    0x0800ea84   0x0800ea84   0x0000000e   Code   RO         8796    i.__scatterload_zeroinit  mc_w.l(handlers.o)
    0x0800ea92   0x0800ea92   0x00000006   Code   RO         2167    i.__set_PRIMASK     bsp_timer.o
    0x0800ea98   0x0800ea98   0x00000006   Code   RO         2279    i.__set_PRIMASK     bsp_uart_fifo.o
    0x0800ea9e   0x0800ea9e   0x00000002   PAD
    0x0800eaa0   0x0800eaa0   0x00000184   Code   RO         8690    i._fp_digits        mc_w.l(printfa.o)
    0x0800ec24   0x0800ec24   0x000006b4   Code   RO         8691    i._printf_core      mc_w.l(printfa.o)
    0x0800f2d8   0x0800f2d8   0x00000024   Code   RO         8692    i._printf_post_padding  mc_w.l(printfa.o)
    0x0800f2fc   0x0800f2fc   0x0000002e   Code   RO         8693    i._printf_pre_padding  mc_w.l(printfa.o)
    0x0800f32a   0x0800f32a   0x00000016   Code   RO         8694    i._snputc           mc_w.l(printfa.o)
    0x0800f340   0x0800f340   0x0000000a   Code   RO         8695    i._sputc            mc_w.l(printfa.o)
    0x0800f34a   0x0800f34a   0x00000084   Code   RO         1434    i.apple_read_addr16  chip_bus.o
    0x0800f3ce   0x0800f3ce   0x00000078   Code   RO         1435    i.apple_read_addr8  chip_bus.o
    0x0800f446   0x0800f446   0x0000005e   Code   RO         1436    i.apple_write_addr16  chip_bus.o
    0x0800f4a4   0x0800f4a4   0x0000002c   Code   RO         3750    i.asu_Ack           bsp_apple_asu.o
    0x0800f4d0   0x0800f4d0   0x00000010   Code   RO         3752    i.asu_Delay         bsp_apple_asu.o
    0x0800f4e0   0x0800f4e0   0x00000028   Code   RO         3753    i.asu_NAck          bsp_apple_asu.o
    0x0800f508   0x0800f508   0x00000040   Code   RO         3754    i.asu_ReadByte      bsp_apple_asu.o
    0x0800f548   0x0800f548   0x00000050   Code   RO         3755    i.asu_SendByte      bsp_apple_asu.o
    0x0800f598   0x0800f598   0x0000002c   Code   RO         3756    i.asu_Start         bsp_apple_asu.o
    0x0800f5c4   0x0800f5c4   0x0000001c   Code   RO         3757    i.asu_Stop          bsp_apple_asu.o
    0x0800f5e0   0x0800f5e0   0x00000038   Code   RO         3758    i.asu_WaitAck       bsp_apple_asu.o
    0x0800f618   0x0800f618   0x0000005c   Code   RO         1354    i.binning_send      test_binning.o
    0x0800f674   0x0800f674   0x000000b4   Code   RO         1112    i.board_id_file_open  __test_common.o
    0x0800f728   0x0800f728   0x000000b8   Code   RO         1040    i.board_self_test   board_type.o
    0x0800f7e0   0x0800f7e0   0x000000c4   Code   RO         1041    i.board_type_init   board_type.o
    0x0800f8a4   0x0800f8a4   0x00000044   Code   RO         2169    i.bsp_DelayMS       bsp_timer.o
    0x0800f8e8   0x0800f8e8   0x00000054   Code   RO         2170    i.bsp_DelayUS       bsp_timer.o
    0x0800f93c   0x0800f93c   0x00000002   Code   RO         2547    i.bsp_Idle          bsp.o
    0x0800f93e   0x0800f93e   0x00000002   PAD
    0x0800f940   0x0800f940   0x0000005c   Code   RO         2548    i.bsp_Init          bsp.o
    0x0800f99c   0x0800f99c   0x00000208   Code   RO         3374    i.bsp_InitADC       bsp_adc_dma.o
    0x0800fba4   0x0800fba4   0x00000038   Code   RO         3759    i.bsp_InitASU       bsp_apple_asu.o
    0x0800fbdc   0x0800fbdc   0x00000038   Code   RO         3089    i.bsp_InitI2C       bsp_i2c_gpio.o
    0x0800fc14   0x0800fc14   0x00000078   Code   RO         3293    i.bsp_InitLed       bsp_led.o
    0x0800fc8c   0x0800fc8c   0x00000028   Code   RO         2935    i.bsp_InitSFlash    bsp_spi_flash.o
    0x0800fcb4   0x0800fcb4   0x000000a8   Code   RO         2860    i.bsp_InitSPIBus    bsp_spi_bus.o
    0x0800fd5c   0x0800fd5c   0x00000098   Code   RO         2172    i.bsp_InitTimer     bsp_timer.o
    0x0800fdf4   0x0800fdf4   0x00000010   Code   RO         2280    i.bsp_InitUart      bsp_uart_fifo.o
    0x0800fe04   0x0800fe04   0x00000040   Code   RO         3295    i.bsp_LedOff        bsp_led.o
    0x0800fe44   0x0800fe44   0x00000040   Code   RO         3296    i.bsp_LedOn         bsp_led.o
    0x0800fe84   0x0800fe84   0x00000054   Code   RO         3297    i.bsp_LedToggle     bsp_led.o
    0x0800fed8   0x0800fed8   0x00000008   Code   RO         2549    i.bsp_RunPer10ms    bsp.o
    0x0800fee0   0x0800fee0   0x00000002   Code   RO         2550    i.bsp_RunPer1ms     bsp.o
    0x0800fee2   0x0800fee2   0x00000002   PAD
    0x0800fee4   0x0800fee4   0x0000002c   Code   RO         2861    i.bsp_SPI_Init      bsp_spi_bus.o
    0x0800ff10   0x0800ff10   0x0000001c   Code   RO         2173    i.bsp_SoftTimerDec  bsp_timer.o
    0x0800ff2c   0x0800ff2c   0x0000000c   Code   RO         2863    i.bsp_SpiBusEnter   bsp_spi_bus.o
    0x0800ff38   0x0800ff38   0x0000000c   Code   RO         2864    i.bsp_SpiBusExit    bsp_spi_bus.o
    0x0800ff44   0x0800ff44   0x00000098   Code   RO         3513    i.bsp_ch440r_ctrl_ex  bsp_ch440r_ex.o
    0x0800ffdc   0x0800ffdc   0x00000050   Code   RO         3484    i.bsp_ch440r_init   bsp_ch440r.o
    0x0801002c   0x0801002c   0x00000010   Code   RO         3543    i.bsp_kiwi_ft_relay_off  bsp_socket.o
    0x0801003c   0x0801003c   0x00000138   Code   RO         2475    i.bsp_lcd_config_init  bsp_lcd_st7789.o
    0x08010174   0x08010174   0x0000000c   Code   RO         2476    i.bsp_lcd_init      bsp_lcd_st7789.o
    0x08010180   0x08010180   0x0000007c   Code   RO         2477    i.bsp_lcd_send_cmd  bsp_lcd_st7789.o
    0x080101fc   0x080101fc   0x00000056   Code   RO         2478    i.bsp_lcd_send_data  bsp_lcd_st7789.o
    0x08010252   0x08010252   0x00000002   PAD
    0x08010254   0x08010254   0x000000a8   Code   RO         3550    i.bsp_socket_init   bsp_socket.o
    0x080102fc   0x080102fc   0x00000040   Code   RO         3553    i.bsp_socket_ldo3v3_init  bsp_socket.o
    0x0801033c   0x0801033c   0x00000038   Code   RO         2866    i.bsp_spiRead1      bsp_spi_bus.o
    0x08010374   0x08010374   0x00000034   Code   RO         2868    i.bsp_spiWrite1     bsp_spi_bus.o
    0x080103a8   0x080103a8   0x0000000a   Code   RO         8345    i.button_attach     multi_button.o
    0x080103b2   0x080103b2   0x0000022e   Code   RO         8346    i.button_handler    multi_button.o
    0x080105e0   0x080105e0   0x00000032   Code   RO         8347    i.button_init       multi_button.o
    0x08010612   0x08010612   0x00000002   PAD
    0x08010614   0x08010614   0x0000002c   Code   RO         8348    i.button_start      multi_button.o
    0x08010640   0x08010640   0x0000001c   Code   RO         8350    i.button_ticks      multi_button.o
    0x0801065c   0x0801065c   0x00000026   Code   RO          754    i.cali_current_callback  key.o
    0x08010682   0x08010682   0x00000002   PAD
    0x08010684   0x08010684   0x00000090   Code   RO         6735    i.check_fs          ff.o
    0x08010714   0x08010714   0x00000018   Code   RO         6736    i.chk_chr           ff.o
    0x0801072c   0x0801072c   0x0000001a   Code   RO          755    i.clear_logger_callback  key.o
    0x08010746   0x08010746   0x00000056   Code   RO         1757    i.clk_freq_10ms_get  test_cmu.o
    0x0801079c   0x0801079c   0x00000038   Code   RO         6737    i.clmt_clust        ff.o
    0x080107d4   0x080107d4   0x0000001a   Code   RO         6738    i.clust2sect        ff.o
    0x080107ee   0x080107ee   0x00000002   PAD
    0x080107f0   0x080107f0   0x00000100   Code   RO            3    i.cm_backtrace_call_stack  cm_backtrace.o
    0x080108f0   0x080108f0   0x00000270   Code   RO            4    i.cm_backtrace_fault  cm_backtrace.o
    0x08010b60   0x08010b60   0x0000002c   Code   RO            5    i.cm_backtrace_firmware_info  cm_backtrace.o
    0x08010b8c   0x08010b8c   0x000000a0   Code   RO            6    i.cm_backtrace_init  cm_backtrace.o
    0x08010c2c   0x08010c2c   0x00000048   Code   RO          109    i.cmb_init          cmb_app.o
    0x08010c74   0x08010c74   0x00000090   Code   RO         6739    i.cmp_lfn           ff.o
    0x08010d04   0x08010d04   0x0000001c   Code   RO         2281    i.comClearRxFifo    bsp_uart_fifo.o
    0x08010d20   0x08010d20   0x0000001e   Code   RO         2283    i.comGetChar        bsp_uart_fifo.o
    0x08010d3e   0x08010d3e   0x0000002e   Code   RO         2284    i.comSendBuf        bsp_uart_fifo.o
    0x08010d6c   0x08010d6c   0x00000010   Code   RO         2285    i.comSendChar       bsp_uart_fifo.o
    0x08010d7c   0x08010d7c   0x00000094   Code   RO         1113    i.config_code_get   __test_common.o
    0x08010e10   0x08010e10   0x00000020   Code   RO         1274    i.crc32_entire_calcu  crc32.o
    0x08010e30   0x08010e30   0x00000038   Code   RO         1275    i.crc32_init        crc32.o
    0x08010e68   0x08010e68   0x0000002c   Code   RO         1276    i.crc32_partial_calcu  crc32.o
    0x08010e94   0x08010e94   0x00000008   Code   RO         1277    i.crc32_partial_start  crc32.o
    0x08010e9c   0x08010e9c   0x00000006   Code   RO         1278    i.crc32_partial_stop  crc32.o
    0x08010ea2   0x08010ea2   0x000000d6   Code   RO         6740    i.create_chain      ff.o
    0x08010f78   0x08010f78   0x00000274   Code   RO         6741    i.create_name       ff.o
    0x080111ec   0x080111ec   0x00000064   Code   RO         1115    i.customer_file_open  __test_common.o
    0x08011250   0x08011250   0x0000000e   Code   RO         1758    i.difference        test_cmu.o
    0x0801125e   0x0801125e   0x0000005c   Code   RO         6742    i.dir_alloc         ff.o
    0x080112ba   0x080112ba   0x000000ea   Code   RO         6743    i.dir_find          ff.o
    0x080113a4   0x080113a4   0x0000013c   Code   RO         6744    i.dir_next          ff.o
    0x080114e0   0x080114e0   0x000000c4   Code   RO         6745    i.dir_read          ff.o
    0x080115a4   0x080115a4   0x0000012a   Code   RO         6746    i.dir_register      ff.o
    0x080116ce   0x080116ce   0x0000006a   Code   RO         6747    i.dir_remove        ff.o
    0x08011738   0x08011738   0x000000c8   Code   RO         6748    i.dir_sdi           ff.o
    0x08011800   0x08011800   0x00000030   Code   RO            7    i.disassembly_ins_is_bl_blx  cm_backtrace.o
    0x08011830   0x08011830   0x00000028   Code   RO         7037    i.disk_initialize   diskio.o
    0x08011858   0x08011858   0x00000054   Code   RO         7038    i.disk_ioctl        diskio.o
    0x080118ac   0x080118ac   0x0000008e   Code   RO         7039    i.disk_read         diskio.o
    0x0801193a   0x0801193a   0x00000018   Code   RO         7040    i.disk_status       diskio.o
    0x08011952   0x08011952   0x00000088   Code   RO         7041    i.disk_write        diskio.o
    0x080119da   0x080119da   0x0000004e   Code   RO          556    i.display_fill      lcd.o
    0x08011a28   0x08011a28   0x0000007c   Code   RO          557    i.display_set_addr  lcd.o
    0x08011aa4   0x08011aa4   0x00000088   Code   RO          558    i.display_show_char  lcd.o
    0x08011b2c   0x08011b2c   0x000000a4   Code   RO          559    i.display_show_log  lcd.o
    0x08011bd0   0x08011bd0   0x0000019c   Code   RO          560    i.display_show_logger  lcd.o
    0x08011d6c   0x08011d6c   0x000000fc   Code   RO          561    i.display_show_string  lcd.o
    0x08011e68   0x08011e68   0x00000014   Code   RO          756    i.down_btn_read_pin  key.o
    0x08011e7c   0x08011e7c   0x000000d0   Code   RO            8    i.dump_stack        cm_backtrace.o
    0x08011f4c   0x08011f4c   0x00000010   Code   RO          757    i.dut_cmd_read_pin  key.o
    0x08011f5c   0x08011f5c   0x00000028   Code   RO         2040    i.dut_param_init    dut.o
    0x08011f84   0x08011f84   0x00000014   Code   RO          758    i.dut_start_read_pin  key.o
    0x08011f98   0x08011f98   0x00000016   Code   RO         3053    i.ee_CheckOk        bsp_eeprom_24xx.o
    0x08011fae   0x08011fae   0x00000070   Code   RO         3054    i.ee_ReadBytes      bsp_eeprom_24xx.o
    0x0801201e   0x0801201e   0x00000080   Code   RO         3055    i.ee_WriteBytes     bsp_eeprom_24xx.o
    0x0801209e   0x0801209e   0x00000002   PAD
    0x080120a0   0x080120a0   0x00000100   Code   RO         1322    i.ee_data_init      ee_data.o
    0x080121a0   0x080121a0   0x00000028   Code   RO         1323    i.ee_data_save      ee_data.o
    0x080121c8   0x080121c8   0x00000014   Code   RO          759    i.esc_btn_read_pin  key.o
    0x080121dc   0x080121dc   0x00000020   Code   RO         6750    i.f_close           ff.o
    0x080121fc   0x080121fc   0x000002b8   Code   RO         6753    i.f_lseek           ff.o
    0x080124b4   0x080124b4   0x0000005c   Code   RO         6756    i.f_mount           ff.o
    0x08012510   0x08012510   0x0000016c   Code   RO         6757    i.f_open            ff.o
    0x0801267c   0x0801267c   0x000001e4   Code   RO         6759    i.f_read            ff.o
    0x08012860   0x08012860   0x000000b0   Code   RO         6763    i.f_sync            ff.o
    0x08012910   0x08012910   0x000000b4   Code   RO         6765    i.f_unlink          ff.o
    0x080129c4   0x080129c4   0x0000021c   Code   RO         6767    i.f_write           ff.o
    0x08012be0   0x08012be0   0x00000308   Code   RO            9    i.fault_diagnosis   cm_backtrace.o
    0x08012ee8   0x08012ee8   0x0000007c   Code   RO         7095    i.ff_convert        cc936.o
    0x08012f64   0x08012f64   0x00000038   Code   RO         7096    i.ff_wtoupper       cc936.o
    0x08012f9c   0x08012f9c   0x000003c8   Code   RO         6768    i.find_volume       ff.o
    0x08013364   0x08013364   0x00000080   Code   RO         6769    i.fit_lfn           ff.o
    0x080133e4   0x080133e4   0x00000092   Code   RO         6770    i.follow_path       ff.o
    0x08013476   0x08013476   0x00000012   Code   RO         2287    i.fputc             bsp_uart_fifo.o
    0x08013488   0x08013488   0x000000a6   Code   RO         1759    i.freq_binary_search  test_cmu.o
    0x0801352e   0x0801352e   0x00000002   PAD
    0x08013530   0x08013530   0x000000c8   Code   RO         6771    i.gen_numname       ff.o
    0x080135f8   0x080135f8   0x00000008   Code   RO         8351    i.get_button_event  multi_button.o
    0x08013600   0x08013600   0x00000132   Code   RO         6772    i.get_fat           ff.o
    0x08013732   0x08013732   0x00000002   PAD
    0x08013734   0x08013734   0x00000008   Code   RO         7042    i.get_fattime       diskio.o
    0x0801373c   0x0801373c   0x0000004c   Code   RO         6774    i.get_ldnumber      ff.o
    0x08013788   0x08013788   0x00000038   Code   RO         3090    i.i2c_Ack           bsp_i2c_gpio.o
    0x080137c0   0x080137c0   0x00000038   Code   RO         3091    i.i2c_CheckDevice   bsp_i2c_gpio.o
    0x080137f8   0x080137f8   0x00000010   Code   RO         3092    i.i2c_Delay         bsp_i2c_gpio.o
    0x08013808   0x08013808   0x00000030   Code   RO         3093    i.i2c_NAck          bsp_i2c_gpio.o
    0x08013838   0x08013838   0x00000048   Code   RO         3094    i.i2c_ReadByte      bsp_i2c_gpio.o
    0x08013880   0x08013880   0x0000005c   Code   RO         3095    i.i2c_SendByte      bsp_i2c_gpio.o
    0x080138dc   0x080138dc   0x00000034   Code   RO         3096    i.i2c_Start         bsp_i2c_gpio.o
    0x08013910   0x08013910   0x00000024   Code   RO         3097    i.i2c_Stop          bsp_i2c_gpio.o
    0x08013934   0x08013934   0x00000044   Code   RO         3098    i.i2c_WaitAck       bsp_i2c_gpio.o
    0x08013978   0x08013978   0x00000038   Code   RO         1690    i.iref_get          test_pmu.o
    0x080139b0   0x080139b0   0x000000b4   Code   RO         1691    i.iref_trim         test_pmu.o
    0x08013a64   0x08013a64   0x00000018   Code   RO         1692    i.iref_trim_set     test_pmu.o
    0x08013a7c   0x08013a7c   0x00000034   Code   RO         1614    i.is_com_get_ft_cmd  test.o
    0x08013ab0   0x08013ab0   0x00000074   Code   RO         1824    i.is_otp_err_1_to_0  test_otp.o
    0x08013b24   0x08013b24   0x00000004   Code   RO         1938    i.is_trimed_chip    test_qc.o
    0x08013b28   0x08013b28   0x000001a4   Code   RO          760    i.key_init          key.o
    0x08013ccc   0x08013ccc   0x00000024   Code   RO          366    i.key_run           main.o
    0x08013cf0   0x08013cf0   0x00000088   Code   RO         2479    i.lcd_ConfigGPIO    bsp_lcd_st7789.o
    0x08013d78   0x08013d78   0x00000030   Code   RO         2480    i.lcd_SetCS         bsp_lcd_st7789.o
    0x08013da8   0x08013da8   0x0000013c   Code   RO          562    i.lcd_disp          lcd.o
    0x08013ee4   0x08013ee4   0x00000020   Code   RO         6775    i.ld_clust          ff.o
    0x08013f04   0x08013f04   0x00000024   Code   RO         1116    i.led_fail          __test_common.o
    0x08013f28   0x08013f28   0x00000024   Code   RO         1117    i.led_pass          __test_common.o
    0x08013f4c   0x08013f4c   0x00000078   Code   RO          111    i.log_error         cmb_app.o
    0x08013fc4   0x08013fc4   0x0000008c   Code   RO         2083    i.logger_buffer_write  log.o
    0x08014050   0x08014050   0x000000ac   Code   RO         2084    i.logger_over       log.o
    0x080140fc   0x080140fc   0x000000b4   Code   RO         2085    i.logger_sd_card_write  log.o
    0x080141b0   0x080141b0   0x00000002   Code   RO         2086    i.logger_start      log.o
    0x080141b2   0x080141b2   0x00000002   PAD
    0x080141b4   0x080141b4   0x000000ac   Code   RO         2087    i.logger_txt_creat  log.o
    0x08014260   0x08014260   0x000000b4   Code   RO         1693    i.lpvdd_trim        test_pmu.o
    0x08014314   0x08014314   0x00000050   Code   RO         1694    i.lpvdd_trim_set    test_pmu.o
    0x08014364   0x08014364   0x000000ec   Code   RO         1760    i.lrc_trim          test_cmu.o
    0x08014450   0x08014450   0x000000a4   Code   RO          367    i.main              main.o
    0x080144f4   0x080144f4   0x00000026   Code   RO         6776    i.mem_cmp           ff.o
    0x0801451a   0x0801451a   0x0000001a   Code   RO         6777    i.mem_cpy           ff.o
    0x08014534   0x08014534   0x00000014   Code   RO         6778    i.mem_set           ff.o
    0x08014548   0x08014548   0x00000032   Code   RO         6779    i.move_window       ff.o
    0x0801457a   0x0801457a   0x00000002   PAD
    0x0801457c   0x0801457c   0x000000f8   Code   RO         3341    i.msg_to_robot      bsp_prog_robot_comm.o
    0x08014674   0x08014674   0x00000078   Code   RO         1355    i.ng_bin_get        test_binning.o
    0x080146ec   0x080146ec   0x000001f0   Code   RO         1976    i.no_load_current_calibration  test_current.o
    0x080148dc   0x080148dc   0x00000014   Code   RO         1477    i.otp_read          chip_access.o
    0x080148f0   0x080148f0   0x000000dc   Code   RO         1825    i.otp_struct_printf  test_otp.o
    0x080149cc   0x080149cc   0x00000068   Code   RO         1478    i.otp_write         chip_access.o
    0x08014a34   0x08014a34   0x00000074   Code   RO         6780    i.pick_lfn          ff.o
    0x08014aa8   0x08014aa8   0x00000034   Code   RO         1695    i.pmu_volt_get      test_pmu.o
    0x08014adc   0x08014adc   0x00000074   Code   RO          112    i.print_UART1       cmb_app.o
    0x08014b50   0x08014b50   0x00000098   Code   RO           10    i.print_call_stack  cm_backtrace.o
    0x08014be8   0x08014be8   0x00000026   Code   RO         1761    i.pulse_10ms_get    test_cmu.o
    0x08014c0e   0x08014c0e   0x00000180   Code   RO         6781    i.put_fat           ff.o
    0x08014d8e   0x08014d8e   0x00000002   PAD
    0x08014d90   0x08014d90   0x00000080   Code   RO         3410    i.pwm_measure_start  bsp_timer_capture.o
    0x08014e10   0x08014e10   0x00000040   Code   RO         3411    i.pwm_measure_stop  bsp_timer_capture.o
    0x08014e50   0x08014e50   0x00000004   Code   RO         1939    i.qc_trimed         test_qc.o
    0x08014e54   0x08014e54   0x00000050   Code   RO         1866    i.ram_code_send     test_ram.o
    0x08014ea4   0x08014ea4   0x000000b0   Code   RO         1762    i.rch_trim          test_cmu.o
    0x08014f54   0x08014f54   0x00000028   Code   RO         1763    i.rch_trim_set      test_cmu.o
    0x08014f7c   0x08014f7c   0x00000022   Code   RO         1764    i.rcl_trim_set      test_cmu.o
    0x08014f9e   0x08014f9e   0x000000ba   Code   RO         1481    i.read_apple_trim_value  chip_access.o
    0x08015058   0x08015058   0x0000006c   Code   RO         6782    i.remove_chain      ff.o
    0x080150c4   0x080150c4   0x00000010   Code   RO         3412    i.reset_tick        bsp_timer_capture.o
    0x080150d4   0x080150d4   0x00000014   Code   RO          761    i.robot_cmd_read_pin  key.o
    0x080150e8   0x080150e8   0x00000100   Code   RO         3342    i.robot_com_init    bsp_prog_robot_comm.o
    0x080151e8   0x080151e8   0x00000050   Code   RO         2088    i.sd_file_sys_mount  log.o
    0x08015238   0x08015238   0x00000022   Code   RO         1483    i.set_apple_check_otp_cmd  chip_access.o
    0x0801525a   0x0801525a   0x00000116   Code   RO         1484    i.set_apple_debug_out  chip_access.o
    0x08015370   0x08015370   0x0000002a   Code   RO         1485    i.set_apple_disable_otp  chip_access.o
    0x0801539a   0x0801539a   0x0000002a   Code   RO         1486    i.set_apple_enable_otp  chip_access.o
    0x080153c4   0x080153c4   0x00000078   Code   RO         1487    i.set_apple_read_otp  chip_access.o
    0x0801543c   0x0801543c   0x00000034   Code   RO         1489    i.set_apple_soft_work  chip_access.o
    0x08015470   0x08015470   0x000000c4   Code   RO         1490    i.set_apple_trim_value  chip_access.o
    0x08015534   0x08015534   0x00000016   Code   RO         1491    i.set_apple_work_state  chip_access.o
    0x0801554a   0x0801554a   0x00000002   PAD
    0x0801554c   0x0801554c   0x0000002c   Code   RO         3413    i.set_tick          bsp_timer_capture.o
    0x08015578   0x08015578   0x0000011c   Code   RO         2936    i.sf_AutoWritePage  bsp_spi_flash.o
    0x08015694   0x08015694   0x00000074   Code   RO         2938    i.sf_CmpData        bsp_spi_flash.o
    0x08015708   0x08015708   0x00000034   Code   RO         2939    i.sf_ConfigGPIO     bsp_spi_flash.o
    0x0801573c   0x0801573c   0x00000036   Code   RO         2941    i.sf_EraseSector    bsp_spi_flash.o
    0x08015772   0x08015772   0x00000028   Code   RO         2942    i.sf_NeedErase      bsp_spi_flash.o
    0x0801579a   0x0801579a   0x00000002   PAD
    0x0801579c   0x0801579c   0x0000013c   Code   RO         2943    i.sf_PageWrite      bsp_spi_flash.o
    0x080158d8   0x080158d8   0x00000058   Code   RO         2944    i.sf_ReadBuffer     bsp_spi_flash.o
    0x08015930   0x08015930   0x00000038   Code   RO         2945    i.sf_ReadID         bsp_spi_flash.o
    0x08015968   0x08015968   0x00000150   Code   RO         2946    i.sf_ReadInfo       bsp_spi_flash.o
    0x08015ab8   0x08015ab8   0x00000030   Code   RO         2947    i.sf_SetCS          bsp_spi_flash.o
    0x08015ae8   0x08015ae8   0x00000024   Code   RO         2948    i.sf_WaitForWriteEnd  bsp_spi_flash.o
    0x08015b0c   0x08015b0c   0x00000174   Code   RO         2949    i.sf_WriteBuffer    bsp_spi_flash.o
    0x08015c80   0x08015c80   0x00000016   Code   RO         2950    i.sf_WriteEnable    bsp_spi_flash.o
    0x08015c96   0x08015c96   0x00000002   PAD
    0x08015c98   0x08015c98   0x0000005c   Code   RO         2951    i.sf_WriteStatus    bsp_spi_flash.o
    0x08015cf4   0x08015cf4   0x00000014   Code   RO         3554    i.socket_asu_pu_off  bsp_socket.o
    0x08015d08   0x08015d08   0x00000014   Code   RO         3555    i.socket_asu_pu_on  bsp_socket.o
    0x08015d1c   0x08015d1c   0x00000010   Code   RO         3556    i.socket_i_chip     bsp_socket.o
    0x08015d2c   0x08015d2c   0x00000010   Code   RO         3558    i.socket_ivref_iref  bsp_socket.o
    0x08015d3c   0x08015d3c   0x00000010   Code   RO         3559    i.socket_ivref_vref  bsp_socket.o
    0x08015d4c   0x08015d4c   0x000000ac   Code   RO         3560    i.socket_prst_ctl   bsp_socket.o
    0x08015df8   0x08015df8   0x00000010   Code   RO         3561    i.socket_touch_off  bsp_socket.o
    0x08015e08   0x08015e08   0x00000010   Code   RO         3562    i.socket_touch_on   bsp_socket.o
    0x08015e18   0x08015e18   0x00000054   Code   RO         1118    i.spi_flash_file_sys_mount  __test_common.o
    0x08015e6c   0x08015e6c   0x00000398   Code   RO         1909    i.spu_test          test_spl.o
    0x08016204   0x08016204   0x00000010   Code   RO         6783    i.st_clust          ff.o
    0x08016214   0x08016214   0x00000014   Code   RO          762    i.start_btn_read_pin  key.o
    0x08016228   0x08016228   0x00000024   Code   RO           11    i.statck_del_fpu_regs  cm_backtrace.o
    0x0801624c   0x0801624c   0x00000020   Code   RO         6784    i.sum_sfn           ff.o
    0x0801626c   0x0801626c   0x000000c8   Code   RO         6785    i.sync_fs           ff.o
    0x08016334   0x08016334   0x0000004c   Code   RO         6786    i.sync_window       ff.o
    0x08016380   0x08016380   0x0000002c   Code   RO          368    i.sys_run_led       main.o
    0x080163ac   0x080163ac   0x0000010c   Code   RO         1765    i.test_cmu          test_cmu.o
    0x080164b8   0x080164b8   0x00000240   Code   RO         1977    i.test_current      test_current.o
    0x080166f8   0x080166f8   0x000005a4   Code   RO         1826    i.test_efuse        test_otp.o
    0x08016c9c   0x08016c9c   0x000003a0   Code   RO         1669    i.test_handshark    test_handshark.o
    0x0801703c   0x0801703c   0x000001d0   Code   RO         1615    i.test_init         test.o
    0x0801720c   0x0801720c   0x000000c8   Code   RO         1867    i.test_load_into_ram  test_ram.o
    0x080172d4   0x080172d4   0x000000ec   Code   RO         2089    i.test_logger_clear  log.o
    0x080173c0   0x080173c0   0x000000fc   Code   RO         1120    i.test_over_info_show  __test_common.o
    0x080174bc   0x080174bc   0x000001d8   Code   RO         1696    i.test_pmu          test_pmu.o
    0x08017694   0x08017694   0x00000014   Code   RO         1383    i.test_power_consumption_disable  test_interface_power.o
    0x080176a8   0x080176a8   0x00000014   Code   RO         1384    i.test_power_consumption_enable  test_interface_power.o
    0x080176bc   0x080176bc   0x00000014   Code   RO         1385    i.test_power_disable  test_interface_power.o
    0x080176d0   0x080176d0   0x00000014   Code   RO         1386    i.test_power_enable  test_interface_power.o
    0x080176e4   0x080176e4   0x00000028   Code   RO         1387    i.test_power_init   test_interface_power.o
    0x0801770c   0x0801770c   0x0000000e   Code   RO         1940    i.test_qc_all       test_qc.o
    0x0801771a   0x0801771a   0x00000002   PAD
    0x0801771c   0x0801771c   0x00000048   Code   RO         1941    i.test_qc_trimed    test_qc.o
    0x08017764   0x08017764   0x00000040   Code   RO         1910    i.test_spl          test_spl.o
    0x080177a4   0x080177a4   0x00000068   Code   RO         1616    i.test_start        test.o
    0x0801780c   0x0801780c   0x0000000a   Code   RO          763    i.test_start_callback  key.o
    0x08017816   0x08017816   0x00000002   PAD
    0x08017818   0x08017818   0x00000014   Code   RO         1617    i.test_start_en     test.o
    0x0801782c   0x0801782c   0x00000068   Code   RO         1121    i.test_start_info_show  __test_common.o
    0x08017894   0x08017894   0x0000013c   Code   RO         1618    i.test_task         test.o
    0x080179d0   0x080179d0   0x00000050   Code   RO         3414    i.tick_init         bsp_timer_capture.o
    0x08017a20   0x08017a20   0x00000068   Code   RO         1492    i.trim_var_load     chip_access.o
    0x08017a88   0x08017a88   0x0000000c   Code   RO         1493    i.trim_var_zero_init  chip_access.o
    0x08017a94   0x08017a94   0x000000a0   Code   RO         1122    i.txt_hex_read      __test_common.o
    0x08017b34   0x08017b34   0x00000070   Code   RO         1082    i.udisk_task        udisk_task.o
    0x08017ba4   0x08017ba4   0x00000010   Code   RO          764    i.up_btn_read_pin   key.o
    0x08017bb4   0x08017bb4   0x00000024   Code   RO         7664    i.usbd_OpenMassStorage  usbd_usr.o
    0x08017bd8   0x08017bd8   0x00000036   Code   RO         6787    i.validate          ff.o
    0x08017c0e   0x08017c0e   0x0000008e   Code   RO         1697    i.volt_binary_search  test_pmu.o
    0x08017c9c   0x08017c9c   0x00000188   Code   RO         1698    i.vref_trim         test_pmu.o
    0x08017e24   0x08017e24   0x00000018   Code   RO         1699    i.vref_trim_set     test_pmu.o
    0x08017e3c   0x08017e3c   0x00000014   Code   RO         3417    i.wait_tick         bsp_timer_capture.o
    0x08017e50   0x08017e50   0x00000018   Code   RO         1868    i.write_apple_code_zone  test_ram.o
    0x08017e68   0x08017e68   0x0000002a   Code   RO         1869    i.write_apple_crc_zone  test_ram.o
    0x08017e92   0x08017e92   0x00000002   PAD
    0x08017e94   0x08017e94   0x000000e0   Data   RO           13    .constdata          cm_backtrace.o
    0x08017f74   0x08017f74   0x00000a64   Data   RO          564    .constdata          lcd.o
    0x080189d8   0x080189d8   0x00000004   Data   RO         1620    .constdata          test.o
    0x080189dc   0x080189dc   0x00000004   Data   RO         1827    .constdata          test_otp.o
    0x080189e0   0x080189e0   0x0000037b   Data   RO         1870    .constdata          test_ram.o
    0x08018d5b   0x08018d5b   0x0000000d   Data   RO         1912    .constdata          test_spl.o
    0x08018d68   0x08018d68   0x0000003a   Data   RO         2481    .constdata          bsp_lcd_st7789.o
    0x08018da2   0x08018da2   0x0000003a   Data   RO         6789    .constdata          ff.o
    0x08018ddc   0x08018ddc   0x0002acc8   Data   RO         7097    .constdata          cc936.o
    0x08043aa4   0x08043aa4   0x00000017   Data   RO         7528    .constdata          usbd_msc_data.o
    0x08043abb   0x08043abb   0x00000024   Data   RO         7872    .constdata          usbd_storage_msd.o
    0x08043adf   0x08043adf   0x00000081   Data   RO         8737    .constdata          mc_w.l(ctype_o.o)
    0x08043b60   0x08043b60   0x00000004   Data   RO         8738    .constdata          mc_w.l(ctype_o.o)
    0x08043b64   0x08043b64   0x00000879   Data   RO           14    .conststring        cm_backtrace.o
    0x080443dd   0x080443dd   0x00000003   PAD
    0x080443e0   0x080443e0   0x00000848   Data   RO         1124    .conststring        __test_common.o
    0x08044c28   0x08044c28   0x0000010b   Data   RO         1913    .conststring        test_spl.o
    0x08044d33   0x08044d33   0x00000001   PAD
    0x08044d34   0x08044d34   0x00000020   Data   RO         8792    Region$$Table       anon$$obj.o


    Execution Region RW_IRAM1 (Exec base: 0x20000008, Load base: 0x08044d54, Size: 0x000162d0, Max: 0x00020000, ABSOLUTE, COMPRESSED[0x00000364])

    Exec Addr    Load Addr    Size         Type   Attr      Idx    E Section Name        Object

    0x20000008   COMPRESSED   0x00000015   Data   RW           15    .data               cm_backtrace.o
    0x2000001d   COMPRESSED   0x00000003   PAD
    0x20000020   COMPRESSED   0x00000004   Data   RW          114    .data               cmb_app.o
    0x20000024   COMPRESSED   0x00000010   Data   RW          565    .data               lcd.o
    0x20000034   COMPRESSED   0x0000000c   Data   RW         1042    .data               board_type.o
    0x20000040   COMPRESSED   0x00000004   Data   RW         1083    .data               udisk_task.o
    0x20000044   COMPRESSED   0x000002c9   Data   RW         1125    .data               __test_common.o
    0x2000030d   COMPRESSED   0x00000004   Data   RW         1356    .data               test_binning.o
    0x20000311   COMPRESSED   0x00000003   PAD
    0x20000314   COMPRESSED   0x00000014   Data   RW         1388    .data               test_interface_power.o
    0x20000328   COMPRESSED   0x00000004   Data   RW         1495    .data               chip_access.o
    0x2000032c   COMPRESSED   0x0000002d   Data   RW         1621    .data               test.o
    0x20000359   COMPRESSED   0x00000001   Data   RW         1670    .data               test_handshark.o
    0x2000035a   COMPRESSED   0x00000005   Data   RW         1700    .data               test_pmu.o
    0x2000035f   COMPRESSED   0x00000001   Data   RW         1766    .data               test_cmu.o
    0x20000360   COMPRESSED   0x00000009   Data   RW         1828    .data               test_otp.o
    0x20000369   COMPRESSED   0x00000003   PAD
    0x2000036c   COMPRESSED   0x00000008   Data   RW         1871    .data               test_ram.o
    0x20000374   COMPRESSED   0x00000010   Data   RW         1914    .data               test_spl.o
    0x20000384   COMPRESSED   0x00000034   Data   RW         1978    .data               test_current.o
    0x200003b8   COMPRESSED   0x00000118   Data   RW         2015    .data               run_mode_info.o
    0x200004d0   COMPRESSED   0x0000002c   Data   RW         2041    .data               dut.o
    0x200004fc   COMPRESSED   0x0000001c   Data   RW         2091    .data               log.o
    0x20000518   COMPRESSED   0x00000019   Data   RW         2179    .data               bsp_timer.o
    0x20000531   COMPRESSED   0x00000003   PAD
    0x20000534   COMPRESSED   0x00000018   Data   RW         2634    .data               bsp_sdio_sd.o
    0x2000054c   COMPRESSED   0x00000001   Data   RW         2869    .data               bsp_spi_bus.o
    0x2000054d   COMPRESSED   0x00000003   PAD
    0x20000550   COMPRESSED   0x0000003c   Data   RW         3343    .data               bsp_prog_robot_comm.o
    0x2000058c   COMPRESSED   0x00000004   Data   RW         3418    .data               bsp_timer_capture.o
    0x20000590   COMPRESSED   0x00000010   Data   RW         3893    .data               stm32f4xx_rcc.o
    0x200005a0   COMPRESSED   0x00000014   Data   RW         6595    .data               system_stm32f4xx.o
    0x200005b4   COMPRESSED   0x0000000a   Data   RW         6790    .data               ff.o
    0x200005be   COMPRESSED   0x00000002   PAD
    0x200005c0   COMPRESSED   0x00000034   Data   RW         7140    .data               usbd_core.o
    0x200005f4   COMPRESSED   0x0000000d   Data   RW         7297    .data               usbd_req.o
    0x20000601   COMPRESSED   0x00000001   PAD
    0x20000602   COMPRESSED   0x00000004   Data   RW         7392    .data               usbd_msc_bot.o
    0x20000606   COMPRESSED   0x00000002   PAD
    0x20000608   COMPRESSED   0x0000004e   Data   RW         7474    .data               usbd_msc_core.o
    0x20000656   COMPRESSED   0x00000002   PAD
    0x20000658   COMPRESSED   0x00000018   Data   RW         7565    .data               usbd_msc_scsi.o
    0x20000670   COMPRESSED   0x0000001c   Data   RW         7666    .data               usbd_usr.o
    0x2000068c   COMPRESSED   0x0000003c   Data   RW         7809    .data               usbd_desc.o
    0x200006c8   COMPRESSED   0x00000028   Data   RW         7873    .data               usbd_storage_msd.o
    0x200006f0   COMPRESSED   0x00000004   Data   RW         8352    .data               multi_button.o
    0x200006f4   COMPRESSED   0x00000008   Data   RW         8399    .data               multitimer.o
    0x200006fc   COMPRESSED   0x00000004   Data   RW         8729    .data               mc_w.l(stdout.o)
    0x20000700   COMPRESSED   0x00000004   Data   RW         8767    .data               mc_w.l(errno.o)
    0x20000704        -       0x00000134   Zero   RW           12    .bss                cm_backtrace.o
    0x20000838        -       0x00000400   Zero   RW          113    .bss                cmb_app.o
    0x20000c38        -       0x00000030   Zero   RW          371    .bss                main.o
    0x20000c68        -       0x00000100   Zero   RW          563    .bss                lcd.o
    0x20000d68        -       0x00000118   Zero   RW          765    .bss                key.o
    0x20000e80        -       0x000050dc   Zero   RW         1123    .bss                __test_common.o
    0x20005f5c        -       0x00000400   Zero   RW         1280    .bss                crc32.o
    0x2000635c        -       0x00000020   Zero   RW         1324    .bss                ee_data.o
    0x2000637c        -       0x00000020   Zero   RW         1494    .bss                chip_access.o
    0x2000639c        -       0x00000098   Zero   RW         1619    .bss                test.o
    0x20006434        -       0x0000001a   Zero   RW         1911    .bss                test_spl.o
    0x2000644e   COMPRESSED   0x00000002   PAD
    0x20006450        -       0x00003076   Zero   RW         2090    .bss                log.o
    0x200094c6   COMPRESSED   0x00000002   PAD
    0x200094c8        -       0x00000030   Zero   RW         2177    .bss                bsp_timer.o
    0x200094f8        -       0x00003450   Zero   RW         2288    .bss                bsp_uart_fifo.o
    0x2000c948        -       0x000000cc   Zero   RW         2633    .bss                bsp_sdio_sd.o
    0x2000ca14        -       0x0000001c   Zero   RW         2952    .bss                bsp_spi_flash.o
    0x2000ca30        -       0x0000000e   Zero   RW         3173    .bss                bsp_beep.o
    0x2000ca3e        -       0x00000010   Zero   RW         3375    .bss                bsp_adc_dma.o
    0x2000ca4e        -       0x00000200   Zero   RW         6788    .bss                ff.o
    0x2000cc4e        -       0x00000040   Zero   RW         7296    .bss                usbd_req.o
    0x2000cc8e   COMPRESSED   0x00000002   PAD
    0x2000cc90        -       0x00001030   Zero   RW         7391    .bss                usbd_msc_bot.o
    0x2000dcc0        -       0x00000020   Zero   RW         7564    .bss                usbd_msc_scsi.o
    0x2000dce0        -       0x000005f4   Zero   RW         7665    .bss                usbd_usr.o
    0x2000e2d4   COMPRESSED   0x00000004   PAD
    0x2000e2d8        -       0x00008000   Zero   RW         3831    STACK               startup_stm32f40_41xxx.o



  Load Region LR$$.ARM.__AT_0x20000000 (Base: 0x20000000, Size: 0x00000000, Max: 0x00000004, ABSOLUTE)

    Execution Region ER$$.ARM.__AT_0x20000000 (Exec base: 0x20000000, Load base: 0x20000000, Size: 0x00000004, Max: 0x00000004, ABSOLUTE, UNINIT)

    Exec Addr    Load Addr    Size         Type   Attr      Idx    E Section Name        Object

    0x20000000        -       0x00000004   Zero   RW          369    .ARM.__AT_0x20000000  main.o



  Load Region LR$$.ARM.__AT_0x20000004 (Base: 0x20000004, Size: 0x00000000, Max: 0x00000004, ABSOLUTE)

    Execution Region ER$$.ARM.__AT_0x20000004 (Exec base: 0x20000004, Load base: 0x20000004, Size: 0x00000004, Max: 0x00000004, ABSOLUTE, UNINIT)

    Exec Addr    Load Addr    Size         Type   Attr      Idx    E Section Name        Object

    0x20000004        -       0x00000004   Zero   RW          370    .ARM.__AT_0x20000004  main.o


==============================================================================

Image component sizes


      Code (inc. data)   RO Data    RW Data    ZI Data      Debug   Object Name

      1100        452       2120        713      20700      14282   __test_common.o
       740        396          0         12          0       2680   board_type.o
       104          6          0          0          0       2055   bsp.o
       520         24          0          0         16       1800   bsp_adc_dma.o
       428         42          0          0          0       5250   bsp_apple_asu.o
       318         28          0          0         14       2641   bsp_beep.o
        80          6          0          0          0        614   bsp_ch440r.o
       152          4          0          0          0        709   bsp_ch440r_ex.o
       262          0          0          0          0       2956   bsp_eeprom_24xx.o
       552         44          0          0          0       5944   bsp_i2c_gpio.o
         8          0          0          0          0        524   bsp_iwdg.o
       718         38         58          0          0       5869   bsp_lcd_st7789.o
       332         48          0          0          0       2359   bsp_led.o
       504         14          0         60          0       2844   bsp_prog_robot_comm.o
      5458        338          0         24        204      34791   bsp_sdio_sd.o
       540         56          0          0          0       6389   bsp_socket.o
       344         30          0          1          0       3719   bsp_spi_bus.o
      1952        150          0          0         28      12820   bsp_spi_flash.o
       498         58          0         25         48      33701   bsp_timer.o
       392         48          0          4          0       4933   bsp_timer_capture.o
      1268         74          0          0      13392      12544   bsp_uart_fifo.o
       180         18     175304          0          0       2815   cc936.o
      1212         42          0          4         32       9942   chip_access.o
       346          0          0          0          0       3096   chip_bus.o
      2304        454       2393         21        308      20398   cm_backtrace.o
       308        100          0          4       1024     349206   cmb_app.o
        12          0          0          0          0        468   cmb_fault.o
       146         16          0          0       1024       3855   crc32.o
         0          0          0          0          0      19900   demo_sdio_fatfs.o
       434         14          0          0          0       6140   diskio.o
        40         18          0         44          0       3024   dut.o
       296         24          0          0         32       2100   ee_data.o
      8218         80         58         10        512      42944   ff.o
       626        122          0          0        280       8938   key.o
      1482         80       2660         16        256       7852   lcd.o
       982        416          0         28      12406       5478   log.o
       392        166          0          0         56       3578   main.o
       160         32          0          0          0       2549   misc.o
       698         18          0          4          0       4332   multi_button.o
       224         22          0          8          0       2912   multitimer.o
         0          0          0        280          0       4336   run_mode_info.o
        36          8        392          0      32768        956   startup_stm32f40_41xxx.o
       480         44          0          0          0       7464   stm32f4xx_adc.o
       586         40          0          0          0       5636   stm32f4xx_dma.o
       240          0          0          0          0       4123   stm32f4xx_gpio.o
        20          0          0          0          0       3548   stm32f4xx_it.o
        16          6          0          0          0        569   stm32f4xx_iwdg.o
       392         48          0         16          0       6557   stm32f4xx_rcc.o
       370         80          0          0          0      12010   stm32f4xx_sdio.o
        52          0          0          0          0       3411   stm32f4xx_spi.o
       310         28          0          0          0       7822   stm32f4xx_tim.o
       456          8          0          0          0       6875   stm32f4xx_usart.o
       340         32          0         20          0       2129   system_stm32f4xx.o
       956        296          4         45        152       7293   test.o
       212         34          0          4          0       2256   test_binning.o
      1058        194          0          1          0       7344   test_cmu.o
      1072        218          0         52          0       2433   test_current.o
       928        446          0          1          0        945   test_handshark.o
       444         70          0         20          0       4969   test_interface_power.o
      1780        712          4          9          0       4411   test_otp.o
      1602        386          0          5          0       7495   test_pmu.o
        94         36          0          0          0       2119   test_qc.o
       346         48        891          8          0       3049   test_ram.o
       984         72        280         16         26       2727   test_spl.o
       112         40          0          4          0        553   udisk_task.o
       176          6          0          0          0       3047   usb_bsp.o
      3404         18          0          0          0      22968   usb_core.o
       702          0          0          0          0       7291   usb_dcd.o
      1930         50          0          0          0      10403   usb_dcd_int.o
        16          6          0          0          0        536   usb_it.o
       760          6          0         52          0      11548   usbd_core.o
       344        168          0         60          0       6364   usbd_desc.o
       198          0          0          0          0       4942   usbd_ioreq.o
       748        124          0          4       4144       9225   usbd_msc_bot.o
       420         18          0         78          0       5637   usbd_msc_core.o
         0          0         23          0          0       1009   usbd_msc_data.o
      2044        278          0         24         32      15909   usbd_msc_scsi.o
      1732         54          0         13         64      11603   usbd_req.o
       272         66         36         40          0       6870   usbd_storage_msd.o
       416        296          0         28       1524       4765   usbd_usr.o

    ----------------------------------------------------------------------
     60448       7414     184259       1780      89052     892098   Object Totals
         0          0         32          0          0          0   (incl. Generated)
        70          0          4         22         10          0   (incl. Padding)

    ----------------------------------------------------------------------

      Code (inc. data)   RO Data    RW Data    ZI Data      Debug   Library Member Name

        86          0          0          0          0          0   __dczerorl2.o
        28          0          0          0          0         68   _chval.o
       158          0          0          0          0         92   _strtoul.o
         8          4        133          0          0         68   ctype_o.o
         0          0          0          0          0          0   entry.o
         0          0          0          0          0          0   entry10a.o
         0          0          0          0          0          0   entry11a.o
         4          0          0          0          0          0   entry12b.o
         8          4          0          0          0          0   entry2.o
         4          0          0          0          0          0   entry5.o
         0          0          0          0          0          0   entry7b.o
         0          0          0          0          0          0   entry8b.o
         8          4          0          0          0          0   entry9a.o
         8          4          0          4          0         68   errno.o
        30          0          0          0          0          0   handlers.o
        36          8          0          0          0         68   init.o
         0          0          0          0          0          0   iusefp.o
        30          0          0          0          0         68   llshl.o
        36          0          0          0          0         68   llsshr.o
        32          0          0          0          0         68   llushr.o
        26          0          0          0          0         80   memcmp.o
        36          0          0          0          0         68   memcpya.o
        36          0          0          0          0        108   memseta.o
      2378        108          0          0          0        844   printfa.o
         0          0          0          4          0          0   stdout.o
        18          0          0          0          0         68   strcpy.o
        14          0          0          0          0         68   strlen.o
        24          0          0          0          0         76   strncpy.o
       114          0          0          0          0         92   strtoul.o
        44          0          0          0          0         80   uidiv.o
        98          0          0          0          0         92   uldiv.o
        48          0          0          0          0         68   cdrcmple.o
       334          0          0          0          0        148   dadd.o
       222          0          0          0          0        100   ddiv.o
       186          0          0          0          0        176   depilogue.o
        48          0          0          0          0         68   dfixul.o
       228          0          0          0          0         96   dmul.o

    ----------------------------------------------------------------------
      4332        132        133          8          0       2800   Library Totals
         2          0          0          0          0          0   (incl. Padding)

    ----------------------------------------------------------------------

      Code (inc. data)   RO Data    RW Data    ZI Data      Debug   Library Name

      3264        132        133          8          0       2144   mc_w.l
      1066          0          0          0          0        656   mf_w.l

    ----------------------------------------------------------------------
      4332        132        133          8          0       2800   Library Totals

    ----------------------------------------------------------------------

==============================================================================


      Code (inc. data)   RO Data    RW Data    ZI Data      Debug   

     64780       7546     184392       1788      89052     839674   Grand Totals
     64780       7546     184392        868      89052     839674   ELF Image Totals (compressed)
     64780       7546     184392        868          0          0   ROM Totals

==============================================================================

    Total RO  Size (Code + RO Data)               249172 ( 243.33kB)
    Total RW  Size (RW Data + ZI Data)             90840 (  88.71kB)
    Total ROM Size (Code + RO Data + RW Data)     250040 ( 244.18kB)

==============================================================================

